Input #0, mov,mp4,m4a,3gp,3g2,mj2, from 'output/heartwoodfall-first-short/final/final.mp4':
  Metadata:
    major_brand     : isom
    minor_version   : 512
    compatible_brands: isomiso2avc1mp41
    encoder         : Lavf62.12.101
  Duration: 00:00:42.97, start: 0.000000, bitrate: 1270 kb/s
  Stream #0:0[0x1](und): Video: h264 (High) (avc1 / 0x31637661), yuv420p(progressive), 1080x1920 [SAR 1:1 DAR 9:16], 1140 kb/s, 30 fps, 30 tbr, 15360 tbn (default)
    Metadata:
      handler_name    : VideoHandler
      encoder         : Lavc62.28.101 libx264
  Stream #0:1[0x2](und): Audio: aac (LC) (mp4a / 0x6134706D), 48000 Hz, stereo, fltp, 120 kb/s (default)
    Metadata:
      handler_name    : SoundHandler
Stream mapping:
  Stream #0:1 -> #0:0 (aac (native) -> pcm_s16le (native))
Press [q] to stop, [?] for help
[Parsed_ebur128_0 @ 0x8e8814a80] t: 0.0999792  TARGET:-23 LUFS    M:-120.7 S:-120.7     I: -70.0 LUFS       LRA:   0.0 LU  FTPK: -72.9 -72.9 dBFS  TPK: -72.9 -72.9 dBFS
Output #0, null, to 'pipe:':
  Metadata:
    major_brand     : isom
    minor_version   : 512
    compatible_brands: isomiso2avc1mp41
    encoder         : Lavf62.12.101
  Stream #0:0(und): Audio: pcm_s16le, 48000 Hz, stereo, s16, 1536 kb/s (default)
    Metadata:
      encoder         : Lavc62.28.101 pcm_s16le
      handler_name    : SoundHandler
[Parsed_ebur128_0 @ 0x8e8814a80] t: 0.199979   TARGET:-23 LUFS    M:-120.7 S:-120.7     I: -70.0 LUFS       LRA:   0.0 LU  FTPK: -73.4 -73.5 dBFS  TPK: -72.9 -72.9 dBFS
[Parsed_ebur128_0 @ 0x8e8814a80] t: 0.299979   TARGET:-23 LUFS    M:-120.7 S:-120.7     I: -70.0 LUFS       LRA:   0.0 LU  FTPK: -63.1 -63.1 dBFS  TPK: -63.1 -63.1 dBFS
[Parsed_ebur128_0 @ 0x8e8814a80] t: 0.399979   TARGET:-23 LUFS    M: -61.7 S:-120.7     I: -61.7 LUFS       LRA:   0.0 LU  FTPK: -38.6 -38.6 dBFS  TPK: -38.6 -38.6 dBFS
[Parsed_ebur128_0 @ 0x8e8814a80] t: 0.499979   TARGET:-23 LUFS    M: -20.7 S:-120.7     I: -20.7 LUFS       LRA:   0.0 LU  FTPK:  -1.6  -1.6 dBFS  TPK:  -1.6  -1.6 dBFS
[Parsed_ebur128_0 @ 0x8e8814a80] t: 0.599979   TARGET:-23 LUFS    M: -17.6 S:-120.7     I: -18.9 LUFS       LRA:   0.0 LU  FTPK: -10.5 -10.5 dBFS  TPK:  -1.6  -1.6 dBFS
[Parsed_ebur128_0 @ 0x8e8814a80] t: 0.699979   TARGET:-23 LUFS    M: -15.1 S:-120.7     I: -17.3 LUFS       LRA:   0.0 LU  FTPK:  -7.2  -7.2 dBFS  TPK:  -1.6  -1.6 dBFS
[Parsed_ebur128_0 @ 0x8e8814a80] t: 0.799979   TARGET:-23 LUFS    M: -14.2 S:-120.7     I: -16.3 LUFS       LRA:   0.0 LU  FTPK:  -7.6  -7.5 dBFS  TPK:  -1.6  -1.6 dBFS
[Parsed_ebur128_0 @ 0x8e8814a80] t: 0.899979   TARGET:-23 LUFS    M: -14.7 S:-120.7     I: -15.9 LUFS       LRA:   0.0 LU  FTPK: -11.0 -11.0 dBFS  TPK:  -1.6  -1.6 dBFS
[Parsed_ebur128_0 @ 0x8e8814a80] t: 0.999979   TARGET:-23 LUFS    M: -15.0 S:-120.7     I: -15.7 LUFS       LRA:   0.0 LU  FTPK:  -4.7  -4.7 dBFS  TPK:  -1.6  -1.6 dBFS
[Parsed_ebur128_0 @ 0x8e8814a80] t: 1.099979   TARGET:-23 LUFS    M: -17.1 S:-120.7     I: -15.9 LUFS       LRA:   0.0 LU  FTPK: -13.9 -13.9 dBFS  TPK:  -1.6  -1.6 dBFS
[Parsed_ebur128_0 @ 0x8e8814a80] t: 1.199979   TARGET:-23 LUFS    M: -16.3 S:-120.7     I: -16.0 LUFS       LRA:   0.0 LU  FTPK:  -5.9  -5.9 dBFS  TPK:  -1.6  -1.6 dBFS
[Parsed_ebur128_0 @ 0x8e8814a80] t: 1.299979   TARGET:-23 LUFS    M: -15.8 S:-120.7     I: -15.9 LUFS       LRA:   0.0 LU  FTPK:  -7.8  -7.7 dBFS  TPK:  -1.6  -1.6 dBFS
[Parsed_ebur128_0 @ 0x8e8814a80] t: 1.399979   TARGET:-23 LUFS    M: -16.6 S:-120.7     I: -16.0 LUFS       LRA:   0.0 LU  FTPK: -14.5 -14.5 dBFS  TPK:  -1.6  -1.6 dBFS
[Parsed_ebur128_0 @ 0x8e8814a80] t: 1.499979   TARGET:-23 LUFS    M: -16.3 S:-120.7     I: -16.0 LUFS       LRA:   0.0 LU  FTPK:  -9.5  -9.5 dBFS  TPK:  -1.6  -1.6 dBFS
[Parsed_ebur128_0 @ 0x8e8814a80] t: 1.599979   TARGET:-23 LUFS    M: -18.6 S:-120.7     I: -16.2 LUFS       LRA:   0.0 LU  FTPK: -15.4 -15.4 dBFS  TPK:  -1.6  -1.6 dBFS
[Parsed_ebur128_0 @ 0x8e8814a80] t: 1.699979   TARGET:-23 LUFS    M: -21.6 S:-120.7     I: -16.4 LUFS       LRA:   0.0 LU  FTPK: -16.4 -16.7 dBFS  TPK:  -1.6  -1.6 dBFS
[Parsed_ebur128_0 @ 0x8e8814a80] t: 1.799979   TARGET:-23 LUFS    M: -19.5 S:-120.7     I: -16.6 LUFS       LRA:   0.0 LU  FTPK:  -7.3  -7.3 dBFS  TPK:  -1.6  -1.6 dBFS
[Parsed_ebur128_0 @ 0x8e8814a80] t: 1.899979   TARGET:-23 LUFS    M: -19.6 S:-120.7     I: -16.8 LUFS       LRA:   0.0 LU  FTPK:  -8.2  -8.2 dBFS  TPK:  -1.6  -1.6 dBFS
[Parsed_ebur128_0 @ 0x8e8814a80] t: 1.999979   TARGET:-23 LUFS    M: -20.1 S:-120.7     I: -16.9 LUFS       LRA:   0.0 LU  FTPK: -30.0 -30.0 dBFS  TPK:  -1.6  -1.6 dBFS
[Parsed_ebur128_0 @ 0x8e8814a80] t: 2.099979   TARGET:-23 LUFS    M: -20.5 S:-120.7     I: -17.1 LUFS       LRA:   0.0 LU  FTPK: -52.9 -53.0 dBFS  TPK:  -1.6  -1.6 dBFS
[Parsed_ebur128_0 @ 0x8e8814a80] t: 2.199979   TARGET:-23 LUFS    M: -26.0 S:-120.7     I: -17.3 LUFS       LRA:   0.0 LU  FTPK: -51.7 -51.8 dBFS  TPK:  -1.6  -1.6 dBFS
[Parsed_ebur128_0 @ 0x8e8814a80] t: 2.299979   TARGET:-23 LUFS    M: -43.8 S:-120.7     I: -17.3 LUFS       LRA:   0.0 LU  FTPK: -21.4 -21.4 dBFS  TPK:  -1.6  -1.6 dBFS
[Parsed_ebur128_0 @ 0x8e8814a80] t: 2.399979   TARGET:-23 LUFS    M: -20.0 S:-120.7     I: -17.4 LUFS       LRA:   0.0 LU  FTPK:  -5.6  -5.6 dBFS  TPK:  -1.6  -1.6 dBFS
[Parsed_ebur128_0 @ 0x8e8814a80] t: 2.499979   TARGET:-23 LUFS    M: -16.6 S:-120.7     I: -17.3 LUFS       LRA:   0.0 LU  FTPK:  -7.3  -7.3 dBFS  TPK:  -1.6  -1.6 dBFS
[Parsed_ebur128_0 @ 0x8e8814a80] t: 2.599979   TARGET:-23 LUFS    M: -14.3 S:-120.7     I: -17.1 LUFS       LRA:   0.0 LU  FTPK:  -3.4  -3.4 dBFS  TPK:  -1.6  -1.6 dBFS
[Parsed_ebur128_0 @ 0x8e8814a80] t: 2.699979   TARGET:-23 LUFS    M: -12.5 S:-120.7     I: -16.8 LUFS       LRA:   0.0 LU  FTPK:  -3.1  -3.1 dBFS  TPK:  -1.6  -1.6 dBFS
[Parsed_ebur128_0 @ 0x8e8814a80] t: 2.799979   TARGET:-23 LUFS    M: -13.2 S:-120.7     I: -16.5 LUFS       LRA:   0.0 LU  FTPK:  -8.3  -8.4 dBFS  TPK:  -1.6  -1.6 dBFS
[Parsed_ebur128_0 @ 0x8e8814a80] t: 2.899979   TARGET:-23 LUFS    M: -14.2 S:-120.7     I: -16.4 LUFS       LRA:   0.0 LU  FTPK:  -6.9  -6.9 dBFS  TPK:  -1.6  -1.6 dBFS
[Parsed_ebur128_0 @ 0x8e8814a80] t: 2.999979   TARGET:-23 LUFS    M: -14.0 S: -16.7     I: -16.3 LUFS       LRA:  20.0 LU  FTPK:  -1.4  -1.5 dBFS  TPK:  -1.4  -1.5 dBFS
[Parsed_ebur128_0 @ 0x8e8814a80] t: 3.099979   TARGET:-23 LUFS    M: -15.6 S: -16.5     I: -16.3 LUFS       LRA:  20.1 LU  FTPK:  -2.2  -2.2 dBFS  TPK:  -1.4  -1.5 dBFS
[Parsed_ebur128_0 @ 0x8e8814a80] t: 3.199979   TARGET:-23 LUFS    M: -15.8 S: -16.5     I: -16.2 LUFS       LRA:  20.1 LU  FTPK: -11.4 -11.4 dBFS  TPK:  -1.4  -1.5 dBFS
[Parsed_ebur128_0 @ 0x8e8814a80] t: 3.299979   TARGET:-23 LUFS    M: -16.2 S: -16.5     I: -16.2 LUFS       LRA:  20.1 LU  FTPK: -28.8 -28.8 dBFS  TPK:  -1.4  -1.5 dBFS
[Parsed_ebur128_0 @ 0x8e8814a80] t: 3.399979   TARGET:-23 LUFS    M: -21.2 S: -16.5     I: -16.3 LUFS       LRA:   0.2 LU  FTPK: -51.6 -51.6 dBFS  TPK:  -1.4  -1.5 dBFS
[Parsed_ebur128_0 @ 0x8e8814a80] t: 3.499979   TARGET:-23 LUFS    M: -29.4 S: -16.7     I: -16.3 LUFS       LRA:   0.2 LU  FTPK: -60.7 -60.7 dBFS  TPK:  -1.4  -1.5 dBFS
[Parsed_ebur128_0 @ 0x8e8814a80] t: 3.599979   TARGET:-23 LUFS    M: -47.9 S: -16.9     I: -16.3 LUFS       LRA:   0.5 LU  FTPK: -62.6 -62.6 dBFS  TPK:  -1.4  -1.5 dBFS
[Parsed_ebur128_0 @ 0x8e8814a80] t: 3.699979   TARGET:-23 LUFS    M: -69.0 S: -17.3     I: -16.3 LUFS       LRA:   0.9 LU  FTPK: -65.4 -65.4 dBFS  TPK:  -1.4  -1.5 dBFS
[Parsed_ebur128_0 @ 0x8e8814a80] t: 3.799979   TARGET:-23 LUFS    M: -72.6 S: -17.6     I: -16.3 LUFS       LRA:   1.1 LU  FTPK: -66.4 -66.4 dBFS  TPK:  -1.4  -1.5 dBFS
[Parsed_ebur128_0 @ 0x8e8814a80] t: 3.899979   TARGET:-23 LUFS    M: -74.9 S: -17.7     I: -16.3 LUFS       LRA:   1.2 LU  FTPK: -74.4 -74.4 dBFS  TPK:  -1.4  -1.5 dBFS
[Parsed_ebur128_0 @ 0x8e8814a80] t: 3.999979   TARGET:-23 LUFS    M: -77.8 S: -18.0     I: -16.3 LUFS       LRA:   1.5 LU  FTPK: -77.7 -77.7 dBFS  TPK:  -1.4  -1.5 dBFS
[Parsed_ebur128_0 @ 0x8e8814a80] t: 4.099979   TARGET:-23 LUFS    M: -83.1 S: -18.0     I: -16.3 LUFS       LRA:   1.5 LU  FTPK: -143.4 -143.4 dBFS  TPK:  -1.4  -1.5 dBFS
[Parsed_ebur128_0 @ 0x8e8814a80] t: 4.199979   TARGET:-23 LUFS    M: -85.1 S: -18.4     I: -16.3 LUFS       LRA:   1.9 LU  FTPK: -73.4 -73.4 dBFS  TPK:  -1.4  -1.5 dBFS
[Parsed_ebur128_0 @ 0x8e8814a80] t: 4.299979   TARGET:-23 LUFS    M: -84.6 S: -18.7     I: -16.3 LUFS       LRA:   2.3 LU  FTPK: -73.7 -73.7 dBFS  TPK:  -1.4  -1.5 dBFS
[Parsed_ebur128_0 @ 0x8e8814a80] t: 4.399979   TARGET:-23 LUFS    M: -79.7 S: -18.8     I: -16.3 LUFS       LRA:   2.3 LU  FTPK: -65.0 -65.0 dBFS  TPK:  -1.4  -1.5 dBFS
[Parsed_ebur128_0 @ 0x8e8814a80] t: 4.499979   TARGET:-23 LUFS    M: -74.4 S: -19.0     I: -16.3 LUFS       LRA:   2.4 LU  FTPK: -59.2 -59.2 dBFS  TPK:  -1.4  -1.5 dBFS
[Parsed_ebur128_0 @ 0x8e8814a80] t: 4.599979   TARGET:-23 LUFS    M: -23.8 S: -18.8     I: -16.5 LUFS       LRA:   2.4 LU  FTPK:  -6.5  -6.5 dBFS  TPK:  -1.4  -1.5 dBFS
[Parsed_ebur128_0 @ 0x8e8814a80] t: 4.699979   TARGET:-23 LUFS    M: -17.6 S: -18.3     I: -16.5 LUFS       LRA:   2.4 LU  FTPK:  -3.9  -3.9 dBFS  TPK:  -1.4  -1.5 dBFS
[Parsed_ebur128_0 @ 0x8e8814a80] t: 4.799979   TARGET:-23 LUFS    M: -16.5 S: -18.4     I: -16.5 LUFS       LRA:   2.4 LU  FTPK:  -3.5  -3.5 dBFS  TPK:  -1.4  -1.5 dBFS
[Parsed_ebur128_0 @ 0x8e8814a80] t: 4.899979   TARGET:-23 LUFS    M: -12.6 S: -17.3     I: -16.3 LUFS       LRA:   2.4 LU  FTPK:  -1.5  -1.5 dBFS  TPK:  -1.4  -1.5 dBFS
[Parsed_ebur128_0 @ 0x8e8814a80] t: 4.999979   TARGET:-23 LUFS    M: -12.7 S: -17.2     I: -16.1 LUFS       LRA:   2.4 LU  FTPK:  -2.5  -2.5 dBFS  TPK:  -1.4  -1.5 dBFS
[Parsed_ebur128_0 @ 0x8e8814a80] t: 5.099979   TARGET:-23 LUFS    M: -13.5 S: -17.1     I: -16.0 LUFS       LRA:   2.4 LU  FTPK:  -9.9  -9.9 dBFS  TPK:  -1.4  -1.5 dBFS
[Parsed_ebur128_0 @ 0x8e8814a80] t: 5.199979   TARGET:-23 LUFS    M: -13.5 S: -16.9     I: -15.9 LUFS       LRA:   2.4 LU  FTPK: -10.8 -10.8 dBFS  TPK:  -1.4  -1.5 dBFS
[Parsed_ebur128_0 @ 0x8e8814a80] t: 5.299979   TARGET:-23 LUFS    M: -17.7 S: -16.8     I: -16.0 LUFS       LRA:   2.4 LU  FTPK: -11.0 -11.0 dBFS  TPK:  -1.4  -1.5 dBFS
[Parsed_ebur128_0 @ 0x8e8814a80] t: 5.399979   TARGET:-23 LUFS    M: -15.3 S: -16.6     I: -16.0 LUFS       LRA:   2.4 LU  FTPK:  -3.8  -3.8 dBFS  TPK:  -1.4  -1.5 dBFS
[Parsed_ebur128_0 @ 0x8e8814a80] t: 5.499979   TARGET:-23 LUFS    M: -15.1 S: -16.8     I: -15.9 LUFS       LRA:   2.4 LU  FTPK:  -5.5  -5.5 dBFS  TPK:  -1.4  -1.5 dBFS
[Parsed_ebur128_0 @ 0x8e8814a80] t: 5.599979   TARGET:-23 LUFS    M: -14.7 S: -17.0     I: -15.9 LUFS       LRA:   2.4 LU  FTPK:  -5.3  -5.3 dBFS  TPK:  -1.4  -1.5 dBFS
[Parsed_ebur128_0 @ 0x8e8814a80] t: 5.699979   TARGET:-23 LUFS    M: -14.7 S: -17.5     I: -15.9 LUFS       LRA:   2.4 LU  FTPK:  -7.5  -7.5 dBFS  TPK:  -1.4  -1.5 dBFS
[Parsed_ebur128_0 @ 0x8e8814a80] t: 5.799979   TARGET:-23 LUFS    M: -17.0 S: -17.5     I: -15.9 LUFS       LRA:   2.4 LU  FTPK: -14.6 -14.6 dBFS  TPK:  -1.4  -1.5 dBFS
[Parsed_ebur128_0 @ 0x8e8814a80] t: 5.899979   TARGET:-23 LUFS    M: -16.5 S: -17.3     I: -15.9 LUFS       LRA:   2.4 LU  FTPK:  -6.0  -6.0 dBFS  TPK:  -1.4  -1.5 dBFS
[Parsed_ebur128_0 @ 0x8e8814a80] t: 5.999979   TARGET:-23 LUFS    M: -17.2 S: -17.7     I: -15.9 LUFS       LRA:   2.4 LU  FTPK:  -5.7  -5.7 dBFS  TPK:  -1.4  -1.5 dBFS
[Parsed_ebur128_0 @ 0x8e8814a80] t: 6.099979   TARGET:-23 LUFS    M: -18.2 S: -17.9     I: -16.0 LUFS       LRA:   2.4 LU  FTPK: -17.0 -17.0 dBFS  TPK:  -1.4  -1.5 dBFS
[Parsed_ebur128_0 @ 0x8e8814a80] t: 6.199979   TARGET:-23 LUFS    M: -18.8 S: -17.9     I: -16.0 LUFS       LRA:   2.4 LU  FTPK: -28.0 -28.0 dBFS  TPK:  -1.4  -1.5 dBFS
[Parsed_ebur128_0 @ 0x8e8814a80] t: 6.299979   TARGET:-23 LUFS    M: -22.9 S: -17.9     I: -16.1 LUFS       LRA:   2.4 LU  FTPK: -59.9 -59.9 dBFS  TPK:  -1.4  -1.5 dBFS
[Parsed_ebur128_0 @ 0x8e8814a80] t: 6.399979   TARGET:-23 LUFS    M: -33.4 S: -17.9     I: -16.1 LUFS       LRA:   2.3 LU  FTPK: -61.8 -61.8 dBFS  TPK:  -1.4  -1.5 dBFS
[Parsed_ebur128_0 @ 0x8e8814a80] t: 6.499979   TARGET:-23 LUFS    M: -46.0 S: -17.9     I: -16.1 LUFS       LRA:   2.3 LU  FTPK: -63.1 -63.1 dBFS  TPK:  -1.4  -1.5 dBFS
[Parsed_ebur128_0 @ 0x8e8814a80] t: 6.599979   TARGET:-23 LUFS    M: -71.1 S: -17.9     I: -16.1 LUFS       LRA:   2.3 LU  FTPK: -66.0 -66.0 dBFS  TPK:  -1.4  -1.5 dBFS
[Parsed_ebur128_0 @ 0x8e8814a80] t: 6.699979   TARGET:-23 LUFS    M: -73.4 S: -17.9     I: -16.1 LUFS       LRA:   2.3 LU  FTPK: -74.2 -74.2 dBFS  TPK:  -1.4  -1.5 dBFS
[Parsed_ebur128_0 @ 0x8e8814a80] t: 6.799979   TARGET:-23 LUFS    M: -75.7 S: -17.9     I: -16.1 LUFS       LRA:   2.3 LU  FTPK: -74.1 -74.1 dBFS  TPK:  -1.4  -1.5 dBFS
[Parsed_ebur128_0 @ 0x8e8814a80] t: 6.899979   TARGET:-23 LUFS    M: -79.5 S: -17.9     I: -16.1 LUFS       LRA:   2.3 LU  FTPK:  -inf  -inf dBFS  TPK:  -1.4  -1.5 dBFS
[Parsed_ebur128_0 @ 0x8e8814a80] t: 6.999979   TARGET:-23 LUFS    M: -84.8 S: -17.9     I: -16.1 LUFS       LRA:   2.3 LU  FTPK: -110.1 -110.1 dBFS  TPK:  -1.4  -1.5 dBFS
[Parsed_ebur128_0 @ 0x8e8814a80] t: 7.099979   TARGET:-23 LUFS    M: -85.1 S: -17.9     I: -16.1 LUFS       LRA:   2.3 LU  FTPK: -73.4 -73.4 dBFS  TPK:  -1.4  -1.5 dBFS
[Parsed_ebur128_0 @ 0x8e8814a80] t: 7.199979   TARGET:-23 LUFS    M: -83.7 S: -17.9     I: -16.1 LUFS       LRA:   2.3 LU  FTPK: -73.9 -73.9 dBFS  TPK:  -1.4  -1.5 dBFS
[Parsed_ebur128_0 @ 0x8e8814a80] t: 7.299979   TARGET:-23 LUFS    M: -78.3 S: -17.9     I: -16.1 LUFS       LRA:   2.3 LU  FTPK: -64.8 -64.8 dBFS  TPK:  -1.4  -1.5 dBFS
[Parsed_ebur128_0 @ 0x8e8814a80] t: 7.399979   TARGET:-23 LUFS    M: -56.4 S: -17.9     I: -16.1 LUFS       LRA:   1.9 LU  FTPK: -36.6 -36.6 dBFS  TPK:  -1.4  -1.5 dBFS
[Parsed_ebur128_0 @ 0x8e8814a80] t: 7.499979   TARGET:-23 LUFS    M: -22.6 S: -17.7     I: -16.2 LUFS       LRA:   1.9 LU  FTPK:  -5.1  -5.1 dBFS  TPK:  -1.4  -1.5 dBFS
[Parsed_ebur128_0 @ 0x8e8814a80] t: 7.599979   TARGET:-23 LUFS    M: -19.8 S: -17.7     I: -16.2 LUFS       LRA:   1.9 LU  FTPK:  -6.9  -6.9 dBFS  TPK:  -1.4  -1.5 dBFS
[Parsed_ebur128_0 @ 0x8e8814a80] t: 7.699979   TARGET:-23 LUFS    M: -19.4 S: -18.2     I: -16.3 LUFS       LRA:   1.9 LU  FTPK: -10.5 -10.5 dBFS  TPK:  -1.4  -1.5 dBFS
[Parsed_ebur128_0 @ 0x8e8814a80] t: 7.799979   TARGET:-23 LUFS    M: -16.8 S: -18.0     I: -16.3 LUFS       LRA:   1.9 LU  FTPK:  -5.4  -5.4 dBFS  TPK:  -1.4  -1.5 dBFS
[Parsed_ebur128_0 @ 0x8e8814a80] t: 7.899979   TARGET:-23 LUFS    M: -13.9 S: -18.2     I: -16.2 LUFS       LRA:   1.9 LU  FTPK:  -5.2  -5.2 dBFS  TPK:  -1.4  -1.5 dBFS
[Parsed_ebur128_0 @ 0x8e8814a80] t: 7.999979   TARGET:-23 LUFS    M: -13.5 S: -18.1     I: -16.1 LUFS       LRA:   1.9 LU  FTPK:  -7.4  -7.4 dBFS  TPK:  -1.4  -1.5 dBFS
[Parsed_ebur128_0 @ 0x8e8814a80] t: 8.099979   TARGET:-23 LUFS    M: -13.5 S: -18.2     I: -16.1 LUFS       LRA:   1.9 LU  FTPK: -16.4 -16.4 dBFS  TPK:  -1.4  -1.5 dBFS
[Parsed_ebur128_0 @ 0x8e8814a80] t: 8.199979   TARGET:-23 LUFS    M: -13.7 S: -18.1     I: -16.0 LUFS       LRA:   1.9 LU  FTPK:  -5.7  -5.7 dBFS  TPK:  -1.4  -1.5 dBFS
[Parsed_ebur128_0 @ 0x8e8814a80] t: 8.299979   TARGET:-23 LUFS    M: -16.2 S: -18.0     I: -16.0 LUFS       LRA:   1.9 LU  FTPK:  -3.5  -3.5 dBFS  TPK:  -1.4  -1.5 dBFS
[Parsed_ebur128_0 @ 0x8e8814a80] t: 8.399979   TARGET:-23 LUFS    M: -17.2 S: -18.5     I: -16.0 LUFS       LRA:   1.9 LU  FTPK:  -9.9  -9.9 dBFS  TPK:  -1.4  -1.5 dBFS
[Parsed_ebur128_0 @ 0x8e8814a80] t: 8.499979   TARGET:-23 LUFS    M: -15.7 S: -18.3     I: -16.0 LUFS       LRA:   1.9 LU  FTPK:  -8.2  -8.2 dBFS  TPK:  -1.4  -1.5 dBFS
[Parsed_ebur128_0 @ 0x8e8814a80] t: 8.599979   TARGET:-23 LUFS    M: -17.0 S: -18.6     I: -16.0 LUFS       LRA:   2.0 LU  FTPK: -25.3 -25.3 dBFS  TPK:  -1.4  -1.5 dBFS
[Parsed_ebur128_0 @ 0x8e8814a80] t: 8.699979   TARGET:-23 LUFS    M: -19.0 S: -18.8     I: -16.1 LUFS       LRA:   2.1 LU  FTPK: -50.6 -50.6 dBFS  TPK:  -1.4  -1.5 dBFS
[Parsed_ebur128_0 @ 0x8e8814a80] t: 8.799979   TARGET:-23 LUFS    M: -20.3 S: -18.9     I: -16.1 LUFS       LRA:   2.2 LU  FTPK: -42.1 -42.1 dBFS  TPK:  -1.4  -1.5 dBFS
[Parsed_ebur128_0 @ 0x8e8814a80] t: 8.899979   TARGET:-23 LUFS    M: -23.6 S: -19.1     I: -16.2 LUFS       LRA:   2.3 LU  FTPK:  -6.0  -6.0 dBFS  TPK:  -1.4  -1.5 dBFS
[Parsed_ebur128_0 @ 0x8e8814a80] t: 8.999979   TARGET:-23 LUFS    M: -19.2 S: -18.9     I: -16.2 LUFS       LRA:   2.3 LU  FTPK:  -4.0  -4.0 dBFS  TPK:  -1.4  -1.5 dBFS
[Parsed_ebur128_0 @ 0x8e8814a80] t: 9.099979   TARGET:-23 LUFS    M: -17.7 S: -18.7     I: -16.2 LUFS       LRA:   2.3 LU  FTPK:  -4.0  -4.0 dBFS  TPK:  -1.4  -1.5 dBFS
[Parsed_ebur128_0 @ 0x8e8814a80] t: 9.199979   TARGET:-23 LUFS    M: -14.2 S: -17.9     I: -16.2 LUFS       LRA:   2.3 LU  FTPK:  -3.3  -3.3 dBFS  TPK:  -1.4  -1.5 dBFS
[Parsed_ebur128_0 @ 0x8e8814a80] t: 9.299979   TARGET:-23 LUFS    M: -14.6 S: -17.9     I: -16.2 LUFS       LRA:   2.3 LU  FTPK: -11.1 -11.1 dBFS  TPK:  -1.4  -1.5 dBFS
[Parsed_ebur128_0 @ 0x8e8814a80] t: 9.399979   TARGET:-23 LUFS    M: -14.6 S: -17.6     I: -16.1 LUFS       LRA:   2.3 LU  FTPK:  -3.2  -3.2 dBFS  TPK:  -1.4  -1.5 dBFS
[Parsed_ebur128_0 @ 0x8e8814a80] t: 9.499979   TARGET:-23 LUFS    M: -13.7 S: -17.2     I: -16.1 LUFS       LRA:   2.3 LU  FTPK:  -3.3  -3.3 dBFS  TPK:  -1.4  -1.5 dBFS
[Parsed_ebur128_0 @ 0x8e8814a80] t: 9.599979   TARGET:-23 LUFS    M: -15.9 S: -17.1     I: -16.1 LUFS       LRA:   2.3 LU  FTPK:  -8.7  -8.7 dBFS  TPK:  -1.4  -1.5 dBFS
[Parsed_ebur128_0 @ 0x8e8814a80] t: 9.699979   TARGET:-23 LUFS    M: -15.4 S: -17.0     I: -16.1 LUFS       LRA:   2.3 LU  FTPK: -10.6 -10.6 dBFS  TPK:  -1.4  -1.5 dBFS
[Parsed_ebur128_0 @ 0x8e8814a80] t: 9.799979   TARGET:-23 LUFS    M: -16.8 S: -17.0     I: -16.1 LUFS       LRA:   2.3 LU  FTPK: -23.8 -23.8 dBFS  TPK:  -1.4  -1.5 dBFS
[Parsed_ebur128_0 @ 0x8e8814a80] t: 9.899979   TARGET:-23 LUFS    M: -20.3 S: -16.9     I: -16.1 LUFS       LRA:   2.3 LU  FTPK: -13.8 -13.8 dBFS  TPK:  -1.4  -1.5 dBFS
[Parsed_ebur128_0 @ 0x8e8814a80] t: 9.999979   TARGET:-23 LUFS    M: -18.7 S: -16.7     I: -16.2 LUFS       LRA:   2.2 LU  FTPK:  -5.9  -5.9 dBFS  TPK:  -1.4  -1.5 dBFS
[Parsed_ebur128_0 @ 0x8e8814a80] t: 10.099979  TARGET:-23 LUFS    M: -17.9 S: -16.5     I: -16.2 LUFS       LRA:   2.3 LU  FTPK:  -7.0  -7.0 dBFS  TPK:  -1.4  -1.5 dBFS
[Parsed_ebur128_0 @ 0x8e8814a80] t: 10.199979  TARGET:-23 LUFS    M: -17.9 S: -16.5     I: -16.2 LUFS       LRA:   2.3 LU  FTPK: -21.0 -21.0 dBFS  TPK:  -1.4  -1.5 dBFS
[Parsed_ebur128_0 @ 0x8e8814a80] t: 10.299979  TARGET:-23 LUFS    M: -18.4 S: -16.5     I: -16.2 LUFS       LRA:   2.3 LU  FTPK: -34.5 -34.5 dBFS  TPK:  -1.4  -1.5 dBFS
[Parsed_ebur128_0 @ 0x8e8814a80] t: 10.399979  TARGET:-23 LUFS    M: -22.1 S: -16.5     I: -16.3 LUFS       LRA:   2.2 LU  FTPK: -58.9 -58.9 dBFS  TPK:  -1.4  -1.5 dBFS
[Parsed_ebur128_0 @ 0x8e8814a80] t: 10.499979  TARGET:-23 LUFS    M: -38.2 S: -16.7     I: -16.3 LUFS       LRA:   2.2 LU  FTPK: -61.6 -61.6 dBFS  TPK:  -1.4  -1.5 dBFS
[Parsed_ebur128_0 @ 0x8e8814a80] t: 10.599979  TARGET:-23 LUFS    M: -50.1 S: -16.8     I: -16.3 LUFS       LRA:   2.2 LU  FTPK: -64.3 -64.3 dBFS  TPK:  -1.4  -1.5 dBFS
[Parsed_ebur128_0 @ 0x8e8814a80] t: 10.699979  TARGET:-23 LUFS    M: -71.5 S: -16.8     I: -16.3 LUFS       LRA:   2.2 LU  FTPK: -66.3 -66.3 dBFS  TPK:  -1.4  -1.5 dBFS
[Parsed_ebur128_0 @ 0x8e8814a80] t: 10.799979  TARGET:-23 LUFS    M: -74.2 S: -17.1     I: -16.3 LUFS       LRA:   2.2 LU  FTPK: -74.0 -74.0 dBFS  TPK:  -1.4  -1.5 dBFS
[Parsed_ebur128_0 @ 0x8e8814a80] t: 10.899979  TARGET:-23 LUFS    M: -77.0 S: -17.9     I: -16.3 LUFS       LRA:   2.2 LU  FTPK: -77.5 -77.5 dBFS  TPK:  -1.4  -1.5 dBFS
[Parsed_ebur128_0 @ 0x8e8814a80] t: 10.999979  TARGET:-23 LUFS    M: -81.2 S: -18.2     I: -16.3 LUFS       LRA:   2.2 LU  FTPK:  -inf  -inf dBFS  TPK:  -1.4  -1.5 dBFS
[Parsed_ebur128_0 @ 0x8e8814a80] t: 11.099979  TARGET:-23 LUFS    M: -85.5 S: -18.3     I: -16.3 LUFS       LRA:   2.2 LU  FTPK: -73.5 -73.5 dBFS  TPK:  -1.4  -1.5 dBFS
[Parsed_ebur128_0 @ 0x8e8814a80] t: 11.199979  TARGET:-23 LUFS    M: -85.4 S: -18.6     I: -16.3 LUFS       LRA:   2.2 LU  FTPK: -74.1 -74.1 dBFS  TPK:  -1.4  -1.5 dBFS
[Parsed_ebur128_0 @ 0x8e8814a80] t: 11.299979  TARGET:-23 LUFS    M: -82.0 S: -18.9     I: -16.3 LUFS       LRA:   2.3 LU  FTPK: -67.0 -67.0 dBFS  TPK:  -1.4  -1.5 dBFS
[Parsed_ebur128_0 @ 0x8e8814a80] t: 11.399979  TARGET:-23 LUFS    M: -75.4 S: -19.1     I: -16.3 LUFS       LRA:   2.3 LU  FTPK: -54.9 -54.9 dBFS  TPK:  -1.4  -1.5 dBFS
[Parsed_ebur128_0 @ 0x8e8814a80] t: 11.499979  TARGET:-23 LUFS    M: -40.9 S: -19.5     I: -16.3 LUFS       LRA:   2.3 LU  FTPK: -22.7 -22.7 dBFS  TPK:  -1.4  -1.5 dBFS
[Parsed_ebur128_0 @ 0x8e8814a80] t: 11.599979  TARGET:-23 LUFS    M: -17.4 S: -18.7     I: -16.3 LUFS       LRA:   2.3 LU  FTPK:  -1.5  -1.5 dBFS  TPK:  -1.4  -1.5 dBFS
[Parsed_ebur128_0 @ 0x8e8814a80] t: 11.699979  TARGET:-23 LUFS    M: -16.6 S: -18.5     I: -16.3 LUFS       LRA:   2.3 LU  FTPK:  -6.6  -6.6 dBFS  TPK:  -1.4  -1.5 dBFS
[Parsed_ebur128_0 @ 0x8e8814a80] t: 11.799979  TARGET:-23 LUFS    M: -15.7 S: -18.3     I: -16.3 LUFS       LRA:   2.3 LU  FTPK:  -9.0  -9.0 dBFS  TPK:  -1.4  -1.5 dBFS
[Parsed_ebur128_0 @ 0x8e8814a80] t: 11.899979  TARGET:-23 LUFS    M: -15.6 S: -18.5     I: -16.3 LUFS       LRA:   2.3 LU  FTPK: -18.1 -18.0 dBFS  TPK:  -1.4  -1.5 dBFS
[Parsed_ebur128_0 @ 0x8e8814a80] t: 11.999979  TARGET:-23 LUFS    M: -17.7 S: -18.5     I: -16.3 LUFS       LRA:   2.3 LU  FTPK:  -5.4  -5.3 dBFS  TPK:  -1.4  -1.5 dBFS
[Parsed_ebur128_0 @ 0x8e8814a80] t: 12.099979  TARGET:-23 LUFS    M: -17.2 S: -18.4     I: -16.3 LUFS       LRA:   2.3 LU  FTPK:  -7.0  -7.0 dBFS  TPK:  -1.4  -1.5 dBFS
[Parsed_ebur128_0 @ 0x8e8814a80] t: 12.199979  TARGET:-23 LUFS    M: -15.3 S: -18.7     I: -16.3 LUFS       LRA:   2.3 LU  FTPK:  -2.6  -2.7 dBFS  TPK:  -1.4  -1.5 dBFS
[Parsed_ebur128_0 @ 0x8e8814a80] t: 12.299979  TARGET:-23 LUFS    M: -14.3 S: -18.3     I: -16.2 LUFS       LRA:   2.3 LU  FTPK:  -4.3  -4.3 dBFS  TPK:  -1.4  -1.5 dBFS
[Parsed_ebur128_0 @ 0x8e8814a80] t: 12.399979  TARGET:-23 LUFS    M: -14.2 S: -18.3     I: -16.2 LUFS       LRA:   2.3 LU  FTPK:  -5.4  -5.4 dBFS  TPK:  -1.4  -1.5 dBFS
[Parsed_ebur128_0 @ 0x8e8814a80] t: 12.499979  TARGET:-23 LUFS    M: -14.5 S: -18.7     I: -16.2 LUFS       LRA:   2.3 LU  FTPK: -10.5 -10.5 dBFS  TPK:  -1.4  -1.5 dBFS
[Parsed_ebur128_0 @ 0x8e8814a80] t: 12.599979  TARGET:-23 LUFS    M: -16.2 S: -18.7     I: -16.2 LUFS       LRA:   2.3 LU  FTPK: -11.3 -11.3 dBFS  TPK:  -1.4  -1.5 dBFS
[Parsed_ebur128_0 @ 0x8e8814a80] t: 12.699979  TARGET:-23 LUFS    M: -17.1 S: -18.7     I: -16.2 LUFS       LRA:   2.3 LU  FTPK: -11.1 -11.1 dBFS  TPK:  -1.4  -1.5 dBFS
[Parsed_ebur128_0 @ 0x8e8814a80] t: 12.799979  TARGET:-23 LUFS    M: -19.3 S: -18.7     I: -16.2 LUFS       LRA:   2.3 LU  FTPK: -15.2 -15.2 dBFS  TPK:  -1.4  -1.5 dBFS
[Parsed_ebur128_0 @ 0x8e8814a80] t: 12.899979  TARGET:-23 LUFS    M: -20.7 S: -18.8     I: -16.3 LUFS       LRA:   2.3 LU  FTPK: -17.2 -17.2 dBFS  TPK:  -1.4  -1.5 dBFS
[Parsed_ebur128_0 @ 0x8e8814a80] t: 12.999979  TARGET:-23 LUFS    M: -19.5 S: -18.9     I: -16.3 LUFS       LRA:   2.3 LU  FTPK:  -8.5  -8.5 dBFS  TPK:  -1.4  -1.5 dBFS
[Parsed_ebur128_0 @ 0x8e8814a80] t: 13.099979  TARGET:-23 LUFS    M: -19.9 S: -19.0     I: -16.3 LUFS       LRA:   2.3 LU  FTPK: -10.4 -10.4 dBFS  TPK:  -1.4  -1.5 dBFS
[Parsed_ebur128_0 @ 0x8e8814a80] t: 13.199979  TARGET:-23 LUFS    M: -20.3 S: -19.0     I: -16.3 LUFS       LRA:   2.3 LU  FTPK: -29.8 -29.8 dBFS  TPK:  -1.4  -1.5 dBFS
[Parsed_ebur128_0 @ 0x8e8814a80] t: 13.299979  TARGET:-23 LUFS    M: -20.6 S: -19.0     I: -16.4 LUFS       LRA:   2.4 LU  FTPK: -53.1 -53.1 dBFS  TPK:  -1.4  -1.5 dBFS
[Parsed_ebur128_0 @ 0x8e8814a80] t: 13.399979  TARGET:-23 LUFS    M: -26.0 S: -19.0     I: -16.4 LUFS       LRA:   2.4 LU  FTPK: -53.2 -53.2 dBFS  TPK:  -1.4  -1.5 dBFS
[Parsed_ebur128_0 @ 0x8e8814a80] t: 13.499979  TARGET:-23 LUFS    M: -42.5 S: -19.0     I: -16.4 LUFS       LRA:   2.4 LU  FTPK: -22.2 -22.2 dBFS  TPK:  -1.4  -1.5 dBFS
[Parsed_ebur128_0 @ 0x8e8814a80] t: 13.599979  TARGET:-23 LUFS    M: -20.7 S: -18.6     I: -16.4 LUFS       LRA:   2.4 LU  FTPK:  -5.7  -5.7 dBFS  TPK:  -1.4  -1.5 dBFS
[Parsed_ebur128_0 @ 0x8e8814a80] t: 13.699979  TARGET:-23 LUFS    M: -16.1 S: -18.0     I: -16.4 LUFS       LRA:   2.4 LU  FTPK:  -5.4  -5.4 dBFS  TPK:  -1.4  -1.5 dBFS
[Parsed_ebur128_0 @ 0x8e8814a80] t: 13.799979  TARGET:-23 LUFS    M: -15.0 S: -17.7     I: -16.4 LUFS       LRA:   2.4 LU  FTPK:  -7.4  -7.4 dBFS  TPK:  -1.4  -1.5 dBFS
[Parsed_ebur128_0 @ 0x8e8814a80] t: 13.899979  TARGET:-23 LUFS    M: -14.0 S: -17.5     I: -16.4 LUFS       LRA:   2.4 LU  FTPK:  -5.2  -5.2 dBFS  TPK:  -1.4  -1.5 dBFS
[Parsed_ebur128_0 @ 0x8e8814a80] t: 13.999979  TARGET:-23 LUFS    M: -13.8 S: -17.2     I: -16.3 LUFS       LRA:   2.4 LU  FTPK:  -6.1  -6.1 dBFS  TPK:  -1.4  -1.5 dBFS
[Parsed_ebur128_0 @ 0x8e8814a80] t: 14.099979  TARGET:-23 LUFS    M: -16.0 S: -17.2     I: -16.3 LUFS       LRA:   2.4 LU  FTPK: -14.3 -14.3 dBFS  TPK:  -1.4  -1.5 dBFS
[Parsed_ebur128_0 @ 0x8e8814a80] t: 14.199979  TARGET:-23 LUFS    M: -16.2 S: -17.0     I: -16.3 LUFS       LRA:   2.4 LU  FTPK:  -5.0  -5.0 dBFS  TPK:  -1.4  -1.5 dBFS
[Parsed_ebur128_0 @ 0x8e8814a80] t: 14.299979  TARGET:-23 LUFS    M: -15.6 S: -16.7     I: -16.3 LUFS       LRA:   2.4 LU  FTPK:  -1.5  -1.5 dBFS  TPK:  -1.4  -1.5 dBFS
[Parsed_ebur128_0 @ 0x8e8814a80] t: 14.399979  TARGET:-23 LUFS    M: -17.2 S: -16.6     I: -16.3 LUFS       LRA:   2.4 LU  FTPK: -13.7 -13.7 dBFS  TPK:  -1.4  -1.5 dBFS
[Parsed_ebur128_0 @ 0x8e8814a80] t: 14.499979  TARGET:-23 LUFS    M: -17.1 S: -16.6     I: -16.3 LUFS       LRA:   2.4 LU  FTPK: -15.9 -15.9 dBFS  TPK:  -1.4  -1.5 dBFS
[Parsed_ebur128_0 @ 0x8e8814a80] t: 14.599979  TARGET:-23 LUFS    M: -18.5 S: -17.1     I: -16.4 LUFS       LRA:   2.4 LU  FTPK: -35.1 -35.1 dBFS  TPK:  -1.4  -1.5 dBFS
[Parsed_ebur128_0 @ 0x8e8814a80] t: 14.699979  TARGET:-23 LUFS    M: -25.9 S: -17.2     I: -16.4 LUFS       LRA:   2.4 LU  FTPK: -29.7 -29.7 dBFS  TPK:  -1.4  -1.5 dBFS
[Parsed_ebur128_0 @ 0x8e8814a80] t: 14.799979  TARGET:-23 LUFS    M: -30.9 S: -17.4     I: -16.4 LUFS       LRA:   2.4 LU  FTPK: -60.6 -60.6 dBFS  TPK:  -1.4  -1.5 dBFS
[Parsed_ebur128_0 @ 0x8e8814a80] t: 14.899979  TARGET:-23 LUFS    M: -46.6 S: -17.4     I: -16.4 LUFS       LRA:   2.4 LU  FTPK: -63.3 -63.3 dBFS  TPK:  -1.4  -1.5 dBFS
[Parsed_ebur128_0 @ 0x8e8814a80] t: 14.999979  TARGET:-23 LUFS    M: -48.6 S: -17.7     I: -16.4 LUFS       LRA:   2.4 LU  FTPK: -63.3 -63.3 dBFS  TPK:  -1.4  -1.5 dBFS
[Parsed_ebur128_0 @ 0x8e8814a80] t: 15.099979  TARGET:-23 LUFS    M: -72.1 S: -17.9     I: -16.4 LUFS       LRA:   2.4 LU  FTPK: -66.6 -66.6 dBFS  TPK:  -1.4  -1.5 dBFS
[Parsed_ebur128_0 @ 0x8e8814a80] t: 15.199979  TARGET:-23 LUFS    M: -74.8 S: -18.4     I: -16.4 LUFS       LRA:   2.4 LU  FTPK: -74.1 -74.1 dBFS  TPK:  -1.4  -1.5 dBFS
[Parsed_ebur128_0 @ 0x8e8814a80] t: 15.299979  TARGET:-23 LUFS    M: -77.5 S: -18.8     I: -16.4 LUFS       LRA:   2.4 LU  FTPK: -77.5 -77.5 dBFS  TPK:  -1.4  -1.5 dBFS
[Parsed_ebur128_0 @ 0x8e8814a80] t: 15.399979  TARGET:-23 LUFS    M: -82.0 S: -19.2     I: -16.4 LUFS       LRA:   2.4 LU  FTPK:  -inf  -inf dBFS  TPK:  -1.4  -1.5 dBFS
[Parsed_ebur128_0 @ 0x8e8814a80] t: 15.499979  TARGET:-23 LUFS    M: -85.7 S: -19.4     I: -16.4 LUFS       LRA:   2.4 LU  FTPK: -73.1 -73.1 dBFS  TPK:  -1.4  -1.5 dBFS
[Parsed_ebur128_0 @ 0x8e8814a80] t: 15.599979  TARGET:-23 LUFS    M: -85.5 S: -19.5     I: -16.4 LUFS       LRA:   2.4 LU  FTPK: -74.2 -74.2 dBFS  TPK:  -1.4  -1.5 dBFS
[Parsed_ebur128_0 @ 0x8e8814a80] t: 15.699979  TARGET:-23 LUFS    M: -81.7 S: -19.7     I: -16.4 LUFS       LRA:   2.4 LU  FTPK: -65.4 -65.4 dBFS  TPK:  -1.4  -1.5 dBFS
[Parsed_ebur128_0 @ 0x8e8814a80] t: 15.799979  TARGET:-23 LUFS    M: -73.4 S: -19.8     I: -16.4 LUFS       LRA:   2.5 LU  FTPK: -51.1 -51.1 dBFS  TPK:  -1.4  -1.5 dBFS
[Parsed_ebur128_0 @ 0x8e8814a80] t: 15.899979  TARGET:-23 LUFS    M: -32.1 S: -19.8     I: -16.4 LUFS       LRA:   2.5 LU  FTPK: -10.9 -10.9 dBFS  TPK:  -1.4  -1.5 dBFS
[Parsed_ebur128_0 @ 0x8e8814a80] t: 15.999979  TARGET:-23 LUFS    M: -20.3 S: -19.6     I: -16.4 LUFS       LRA:   2.5 LU  FTPK:  -1.5  -1.5 dBFS  TPK:  -1.4  -1.5 dBFS
[Parsed_ebur128_0 @ 0x8e8814a80] t: 16.099979  TARGET:-23 LUFS    M: -14.0 S: -18.3     I: -16.4 LUFS       LRA:   2.5 LU  FTPK:  -1.5  -1.5 dBFS  TPK:  -1.4  -1.5 dBFS
[Parsed_ebur128_0 @ 0x8e8814a80] t: 16.199979  TARGET:-23 LUFS    M: -12.1 S: -17.6     I: -16.3 LUFS       LRA:   2.5 LU  FTPK:  -2.4  -2.4 dBFS  TPK:  -1.4  -1.5 dBFS
[Parsed_ebur128_0 @ 0x8e8814a80] t: 16.299979  TARGET:-23 LUFS    M: -11.8 S: -17.4     I: -16.3 LUFS       LRA:   2.5 LU  FTPK:  -7.3  -7.3 dBFS  TPK:  -1.4  -1.5 dBFS
[Parsed_ebur128_0 @ 0x8e8814a80] t: 16.399979  TARGET:-23 LUFS    M: -12.1 S: -17.3     I: -16.2 LUFS       LRA:   2.5 LU  FTPK:  -5.7  -5.7 dBFS  TPK:  -1.4  -1.5 dBFS
[Parsed_ebur128_0 @ 0x8e8814a80] t: 16.499979  TARGET:-23 LUFS    M: -13.4 S: -16.8     I: -16.2 LUFS       LRA:   2.5 LU  FTPK:  -2.5  -2.5 dBFS  TPK:  -1.4  -1.5 dBFS
[Parsed_ebur128_0 @ 0x8e8814a80] t: 16.599979  TARGET:-23 LUFS    M: -16.2 S: -17.1     I: -16.2 LUFS       LRA:   2.5 LU  FTPK: -17.0 -17.0 dBFS  TPK:  -1.4  -1.5 dBFS
[Parsed_ebur128_0 @ 0x8e8814a80] t: 16.699979  TARGET:-23 LUFS    M: -16.3 S: -17.4     I: -16.2 LUFS       LRA:   2.5 LU  FTPK: -10.8 -10.8 dBFS  TPK:  -1.4  -1.5 dBFS
[Parsed_ebur128_0 @ 0x8e8814a80] t: 16.799979  TARGET:-23 LUFS    M: -17.0 S: -17.7     I: -16.2 LUFS       LRA:   2.5 LU  FTPK: -16.9 -16.9 dBFS  TPK:  -1.4  -1.5 dBFS
[Parsed_ebur128_0 @ 0x8e8814a80] t: 16.899979  TARGET:-23 LUFS    M: -18.4 S: -17.6     I: -16.2 LUFS       LRA:   2.5 LU  FTPK:  -5.2  -5.2 dBFS  TPK:  -1.4  -1.5 dBFS
[Parsed_ebur128_0 @ 0x8e8814a80] t: 16.999979  TARGET:-23 LUFS    M: -17.7 S: -17.9     I: -16.2 LUFS       LRA:   2.5 LU  FTPK:  -8.2  -8.2 dBFS  TPK:  -1.4  -1.5 dBFS
[Parsed_ebur128_0 @ 0x8e8814a80] t: 17.099979  TARGET:-23 LUFS    M: -16.6 S: -17.6     I: -16.2 LUFS       LRA:   2.5 LU  FTPK:  -3.4  -3.5 dBFS  TPK:  -1.4  -1.5 dBFS
[Parsed_ebur128_0 @ 0x8e8814a80] t: 17.199979  TARGET:-23 LUFS    M: -16.6 S: -17.7     I: -16.2 LUFS       LRA:   2.5 LU  FTPK: -11.6 -11.6 dBFS  TPK:  -1.4  -1.5 dBFS
[Parsed_ebur128_0 @ 0x8e8814a80] t: 17.299979  TARGET:-23 LUFS    M: -17.8 S: -18.0     I: -16.2 LUFS       LRA:   2.5 LU  FTPK:  -7.9  -7.8 dBFS  TPK:  -1.4  -1.5 dBFS
[Parsed_ebur128_0 @ 0x8e8814a80] t: 17.399979  TARGET:-23 LUFS    M: -16.6 S: -17.8     I: -16.2 LUFS       LRA:   2.5 LU  FTPK:  -4.8  -4.8 dBFS  TPK:  -1.4  -1.5 dBFS
[Parsed_ebur128_0 @ 0x8e8814a80] t: 17.499979  TARGET:-23 LUFS    M: -18.1 S: -17.7     I: -16.2 LUFS       LRA:   2.5 LU  FTPK:  -7.4  -7.4 dBFS  TPK:  -1.4  -1.5 dBFS
[Parsed_ebur128_0 @ 0x8e8814a80] t: 17.599979  TARGET:-23 LUFS    M: -17.7 S: -17.6     I: -16.2 LUFS       LRA:   2.5 LU  FTPK:  -9.8  -9.8 dBFS  TPK:  -1.4  -1.5 dBFS
[Parsed_ebur128_0 @ 0x8e8814a80] t: 17.699979  TARGET:-23 LUFS    M: -17.8 S: -17.5     I: -16.2 LUFS       LRA:   2.5 LU  FTPK: -11.8 -11.8 dBFS  TPK:  -1.4  -1.5 dBFS
[Parsed_ebur128_0 @ 0x8e8814a80] t: 17.799979  TARGET:-23 LUFS    M: -18.5 S: -17.3     I: -16.3 LUFS       LRA:   2.5 LU  FTPK: -10.5 -10.5 dBFS  TPK:  -1.4  -1.5 dBFS
[Parsed_ebur128_0 @ 0x8e8814a80] t: 17.899979  TARGET:-23 LUFS    M: -18.7 S: -17.3     I: -16.3 LUFS       LRA:   2.5 LU  FTPK: -13.7 -13.7 dBFS  TPK:  -1.4  -1.5 dBFS
[Parsed_ebur128_0 @ 0x8e8814a80] t: 17.999979  TARGET:-23 LUFS    M: -19.4 S: -17.2     I: -16.3 LUFS       LRA:   2.4 LU  FTPK: -15.3 -15.3 dBFS  TPK:  -1.4  -1.5 dBFS
[Parsed_ebur128_0 @ 0x8e8814a80] t: 18.099979  TARGET:-23 LUFS    M: -21.2 S: -17.2     I: -16.3 LUFS       LRA:   2.4 LU  FTPK: -23.2 -23.2 dBFS  TPK:  -1.4  -1.5 dBFS
[Parsed_ebur128_0 @ 0x8e8814a80] t: 18.199979  TARGET:-23 LUFS    M: -26.2 S: -17.2     I: -16.3 LUFS       LRA:   2.4 LU  FTPK: -38.2 -38.2 dBFS  TPK:  -1.4  -1.5 dBFS
[Parsed_ebur128_0 @ 0x8e8814a80] t: 18.299979  TARGET:-23 LUFS    M: -31.2 S: -17.2     I: -16.3 LUFS       LRA:   2.4 LU  FTPK: -60.5 -60.5 dBFS  TPK:  -1.4  -1.5 dBFS
[Parsed_ebur128_0 @ 0x8e8814a80] t: 18.399979  TARGET:-23 LUFS    M: -41.4 S: -17.2     I: -16.3 LUFS       LRA:   2.3 LU  FTPK: -61.9 -61.9 dBFS  TPK:  -1.4  -1.5 dBFS
[Parsed_ebur128_0 @ 0x8e8814a80] t: 18.499979  TARGET:-23 LUFS    M: -57.6 S: -17.2     I: -16.3 LUFS       LRA:   2.3 LU  FTPK: -62.0 -62.0 dBFS  TPK:  -1.4  -1.5 dBFS
[Parsed_ebur128_0 @ 0x8e8814a80] t: 18.599979  TARGET:-23 LUFS    M: -71.2 S: -17.2     I: -16.3 LUFS       LRA:   2.3 LU  FTPK: -64.4 -64.4 dBFS  TPK:  -1.4  -1.5 dBFS
[Parsed_ebur128_0 @ 0x8e8814a80] t: 18.699979  TARGET:-23 LUFS    M: -73.0 S: -17.2     I: -16.3 LUFS       LRA:   2.3 LU  FTPK: -73.4 -73.4 dBFS  TPK:  -1.4  -1.5 dBFS
[Parsed_ebur128_0 @ 0x8e8814a80] t: 18.799979  TARGET:-23 LUFS    M: -75.4 S: -17.2     I: -16.3 LUFS       LRA:   2.3 LU  FTPK: -74.4 -74.4 dBFS  TPK:  -1.4  -1.5 dBFS
[Parsed_ebur128_0 @ 0x8e8814a80] t: 18.899979  TARGET:-23 LUFS    M: -79.5 S: -17.3     I: -16.3 LUFS       LRA:   2.3 LU  FTPK:  -inf  -inf dBFS  TPK:  -1.4  -1.5 dBFS
[Parsed_ebur128_0 @ 0x8e8814a80] t: 18.999979  TARGET:-23 LUFS    M: -85.1 S: -17.5     I: -16.3 LUFS       LRA:   2.3 LU  FTPK: -99.3 -99.3 dBFS  TPK:  -1.4  -1.5 dBFS
[Parsed_ebur128_0 @ 0x8e8814a80] t: 19.099979  TARGET:-23 LUFS    M: -85.7 S: -18.7     I: -16.3 LUFS       LRA:   2.3 LU  FTPK: -74.1 -74.1 dBFS  TPK:  -1.4  -1.5 dBFS
[Parsed_ebur128_0 @ 0x8e8814a80] t: 19.199979  TARGET:-23 LUFS    M: -83.7 S: -19.8     I: -16.3 LUFS       LRA:   2.4 LU  FTPK: -74.0 -74.0 dBFS  TPK:  -1.4  -1.5 dBFS
[Parsed_ebur128_0 @ 0x8e8814a80] t: 19.299979  TARGET:-23 LUFS    M: -78.7 S: -20.0     I: -16.3 LUFS       LRA:   2.4 LU  FTPK: -66.1 -66.1 dBFS  TPK:  -1.4  -1.5 dBFS
[Parsed_ebur128_0 @ 0x8e8814a80] t: 19.399979  TARGET:-23 LUFS    M: -73.4 S: -20.3     I: -16.3 LUFS       LRA:   2.4 LU  FTPK: -59.8 -59.8 dBFS  TPK:  -1.4  -1.5 dBFS
[Parsed_ebur128_0 @ 0x8e8814a80] t: 19.499979  TARGET:-23 LUFS    M: -25.1 S: -21.1     I: -16.4 LUFS       LRA:   2.4 LU  FTPK:  -4.7  -4.7 dBFS  TPK:  -1.4  -1.5 dBFS
[Parsed_ebur128_0 @ 0x8e8814a80] t: 19.599979  TARGET:-23 LUFS    M: -17.5 S: -20.1     I: -16.4 LUFS       LRA:   2.4 LU  FTPK:  -1.6  -1.6 dBFS  TPK:  -1.4  -1.5 dBFS
[Parsed_ebur128_0 @ 0x8e8814a80] t: 19.699979  TARGET:-23 LUFS    M: -15.1 S: -19.6     I: -16.4 LUFS       LRA:   2.4 LU  FTPK:  -6.1  -6.1 dBFS  TPK:  -1.4  -1.5 dBFS
[Parsed_ebur128_0 @ 0x8e8814a80] t: 19.799979  TARGET:-23 LUFS    M: -14.3 S: -19.3     I: -16.3 LUFS       LRA:   2.4 LU  FTPK:  -7.3  -7.3 dBFS  TPK:  -1.4  -1.5 dBFS
[Parsed_ebur128_0 @ 0x8e8814a80] t: 19.899979  TARGET:-23 LUFS    M: -14.2 S: -19.6     I: -16.3 LUFS       LRA:   2.5 LU  FTPK:  -9.5  -9.5 dBFS  TPK:  -1.4  -1.5 dBFS
[Parsed_ebur128_0 @ 0x8e8814a80] t: 19.999979  TARGET:-23 LUFS    M: -16.0 S: -19.6     I: -16.3 LUFS       LRA:   2.5 LU  FTPK:  -9.8  -9.8 dBFS  TPK:  -1.4  -1.5 dBFS
[Parsed_ebur128_0 @ 0x8e8814a80] t: 20.099979  TARGET:-23 LUFS    M: -16.1 S: -19.4     I: -16.3 LUFS       LRA:   2.7 LU  FTPK:  -5.4  -5.4 dBFS  TPK:  -1.4  -1.5 dBFS
[Parsed_ebur128_0 @ 0x8e8814a80] t: 20.199979  TARGET:-23 LUFS    M: -15.6 S: -19.0     I: -16.3 LUFS       LRA:   2.7 LU  FTPK:  -5.4  -5.4 dBFS  TPK:  -1.4  -1.5 dBFS
[Parsed_ebur128_0 @ 0x8e8814a80] t: 20.299979  TARGET:-23 LUFS    M: -15.6 S: -19.1     I: -16.3 LUFS       LRA:   2.7 LU  FTPK:  -7.1  -7.1 dBFS  TPK:  -1.4  -1.5 dBFS
[Parsed_ebur128_0 @ 0x8e8814a80] t: 20.399979  TARGET:-23 LUFS    M: -15.4 S: -19.3     I: -16.3 LUFS       LRA:   2.7 LU  FTPK: -12.4 -12.4 dBFS  TPK:  -1.4  -1.5 dBFS
[Parsed_ebur128_0 @ 0x8e8814a80] t: 20.499979  TARGET:-23 LUFS    M: -17.4 S: -19.3     I: -16.3 LUFS       LRA:   2.7 LU  FTPK: -15.0 -15.0 dBFS  TPK:  -1.4  -1.5 dBFS
[Parsed_ebur128_0 @ 0x8e8814a80] t: 20.599979  TARGET:-23 LUFS    M: -19.9 S: -19.4     I: -16.3 LUFS       LRA:   2.7 LU  FTPK: -16.8 -16.8 dBFS  TPK:  -1.4  -1.5 dBFS
[Parsed_ebur128_0 @ 0x8e8814a80] t: 20.699979  TARGET:-23 LUFS    M: -18.9 S: -19.2     I: -16.3 LUFS       LRA:   2.7 LU  FTPK:  -5.0  -5.0 dBFS  TPK:  -1.4  -1.5 dBFS
[Parsed_ebur128_0 @ 0x8e8814a80] t: 20.799979  TARGET:-23 LUFS    M: -16.6 S: -18.9     I: -16.3 LUFS       LRA:   2.7 LU  FTPK:  -1.5  -1.5 dBFS  TPK:  -1.4  -1.5 dBFS
[Parsed_ebur128_0 @ 0x8e8814a80] t: 20.899979  TARGET:-23 LUFS    M: -16.8 S: -18.9     I: -16.3 LUFS       LRA:   2.7 LU  FTPK: -12.8 -12.8 dBFS  TPK:  -1.4  -1.5 dBFS
[Parsed_ebur128_0 @ 0x8e8814a80] t: 20.999979  TARGET:-23 LUFS    M: -17.0 S: -19.0     I: -16.4 LUFS       LRA:   2.7 LU  FTPK: -16.0 -16.0 dBFS  TPK:  -1.4  -1.5 dBFS
[Parsed_ebur128_0 @ 0x8e8814a80] t: 21.099979  TARGET:-23 LUFS    M: -18.8 S: -19.0     I: -16.4 LUFS       LRA:   2.7 LU  FTPK: -27.7 -27.7 dBFS  TPK:  -1.4  -1.5 dBFS
[Parsed_ebur128_0 @ 0x8e8814a80] t: 21.199979  TARGET:-23 LUFS    M: -28.0 S: -19.0     I: -16.4 LUFS       LRA:   2.7 LU  FTPK: -26.4 -26.4 dBFS  TPK:  -1.4  -1.5 dBFS
[Parsed_ebur128_0 @ 0x8e8814a80] t: 21.299979  TARGET:-23 LUFS    M: -36.0 S: -19.0     I: -16.4 LUFS       LRA:   2.7 LU  FTPK: -62.4 -62.4 dBFS  TPK:  -1.4  -1.5 dBFS
[Parsed_ebur128_0 @ 0x8e8814a80] t: 21.399979  TARGET:-23 LUFS    M: -45.2 S: -19.0     I: -16.4 LUFS       LRA:   2.7 LU  FTPK: -62.7 -62.7 dBFS  TPK:  -1.4  -1.5 dBFS
[Parsed_ebur128_0 @ 0x8e8814a80] t: 21.499979  TARGET:-23 LUFS    M: -46.2 S: -19.0     I: -16.4 LUFS       LRA:   2.7 LU  FTPK: -65.9 -65.9 dBFS  TPK:  -1.4  -1.5 dBFS
[Parsed_ebur128_0 @ 0x8e8814a80] t: 21.599979  TARGET:-23 LUFS    M: -73.6 S: -19.0     I: -16.4 LUFS       LRA:   2.7 LU  FTPK: -73.9 -73.9 dBFS  TPK:  -1.4  -1.5 dBFS
[Parsed_ebur128_0 @ 0x8e8814a80] t: 21.699979  TARGET:-23 LUFS    M: -75.6 S: -19.0     I: -16.4 LUFS       LRA:   2.7 LU  FTPK: -74.3 -74.3 dBFS  TPK:  -1.4  -1.5 dBFS
[Parsed_ebur128_0 @ 0x8e8814a80] t: 21.799979  TARGET:-23 LUFS    M: -78.7 S: -19.0     I: -16.4 LUFS       LRA:   2.7 LU  FTPK: -167.7 -167.7 dBFS  TPK:  -1.4  -1.5 dBFS
[Parsed_ebur128_0 @ 0x8e8814a80] t: 21.899979  TARGET:-23 LUFS    M: -84.3 S: -19.0     I: -16.4 LUFS       LRA:   2.7 LU  FTPK:  -inf  -inf dBFS  TPK:  -1.4  -1.5 dBFS
[Parsed_ebur128_0 @ 0x8e8814a80] t: 21.999979  TARGET:-23 LUFS    M: -85.6 S: -19.0     I: -16.4 LUFS       LRA:   2.7 LU  FTPK: -74.0 -74.0 dBFS  TPK:  -1.4  -1.5 dBFS
[Parsed_ebur128_0 @ 0x8e8814a80] t: 22.099979  TARGET:-23 LUFS    M: -84.6 S: -19.0     I: -16.4 LUFS       LRA:   2.7 LU  FTPK: -73.4 -73.4 dBFS  TPK:  -1.4  -1.5 dBFS
[Parsed_ebur128_0 @ 0x8e8814a80] t: 22.199979  TARGET:-23 LUFS    M: -79.5 S: -19.0     I: -16.4 LUFS       LRA:   2.7 LU  FTPK: -63.5 -63.5 dBFS  TPK:  -1.4  -1.5 dBFS
[Parsed_ebur128_0 @ 0x8e8814a80] t: 22.299979  TARGET:-23 LUFS    M: -76.0 S: -19.0     I: -16.4 LUFS       LRA:   2.7 LU  FTPK: -63.2 -63.2 dBFS  TPK:  -1.4  -1.5 dBFS
[Parsed_ebur128_0 @ 0x8e8814a80] t: 22.399979  TARGET:-23 LUFS    M: -32.4 S: -18.9     I: -16.4 LUFS       LRA:   2.6 LU  FTPK: -13.8 -13.8 dBFS  TPK:  -1.4  -1.5 dBFS
[Parsed_ebur128_0 @ 0x8e8814a80] t: 22.499979  TARGET:-23 LUFS    M: -20.1 S: -18.7     I: -16.4 LUFS       LRA:   2.6 LU  FTPK:  -6.3  -6.3 dBFS  TPK:  -1.4  -1.5 dBFS
[Parsed_ebur128_0 @ 0x8e8814a80] t: 22.599979  TARGET:-23 LUFS    M: -18.8 S: -19.2     I: -16.4 LUFS       LRA:   2.6 LU  FTPK:  -8.7  -8.7 dBFS  TPK:  -1.4  -1.5 dBFS
[Parsed_ebur128_0 @ 0x8e8814a80] t: 22.699979  TARGET:-23 LUFS    M: -13.9 S: -18.6     I: -16.4 LUFS       LRA:   2.6 LU  FTPK:  -2.6  -2.6 dBFS  TPK:  -1.4  -1.5 dBFS
[Parsed_ebur128_0 @ 0x8e8814a80] t: 22.799979  TARGET:-23 LUFS    M: -13.2 S: -18.5     I: -16.3 LUFS       LRA:   2.6 LU  FTPK:  -7.2  -6.8 dBFS  TPK:  -1.4  -1.5 dBFS
[Parsed_ebur128_0 @ 0x8e8814a80] t: 22.899979  TARGET:-23 LUFS    M: -13.7 S: -18.5     I: -16.3 LUFS       LRA:   2.6 LU  FTPK:  -9.2  -9.2 dBFS  TPK:  -1.4  -1.5 dBFS
[Parsed_ebur128_0 @ 0x8e8814a80] t: 22.999979  TARGET:-23 LUFS    M: -13.3 S: -18.3     I: -16.3 LUFS       LRA:   2.6 LU  FTPK:  -5.2  -5.2 dBFS  TPK:  -1.4  -1.5 dBFS
[Parsed_ebur128_0 @ 0x8e8814a80] t: 23.099979  TARGET:-23 LUFS    M: -15.5 S: -18.4     I: -16.3 LUFS       LRA:   2.6 LU  FTPK:  -6.8  -6.8 dBFS  TPK:  -1.4  -1.5 dBFS
[Parsed_ebur128_0 @ 0x8e8814a80] t: 23.199979  TARGET:-23 LUFS    M: -15.3 S: -18.4     I: -16.3 LUFS       LRA:   2.6 LU  FTPK:  -6.5  -6.5 dBFS  TPK:  -1.4  -1.5 dBFS
[Parsed_ebur128_0 @ 0x8e8814a80] t: 23.299979  TARGET:-23 LUFS    M: -15.5 S: -18.5     I: -16.3 LUFS       LRA:   2.6 LU  FTPK: -10.1 -10.1 dBFS  TPK:  -1.4  -1.5 dBFS
[Parsed_ebur128_0 @ 0x8e8814a80] t: 23.399979  TARGET:-23 LUFS    M: -15.7 S: -18.4     I: -16.3 LUFS       LRA:   2.6 LU  FTPK:  -4.9  -4.9 dBFS  TPK:  -1.4  -1.5 dBFS
[Parsed_ebur128_0 @ 0x8e8814a80] t: 23.499979  TARGET:-23 LUFS    M: -15.4 S: -18.0     I: -16.3 LUFS       LRA:   2.6 LU  FTPK:  -3.2  -3.2 dBFS  TPK:  -1.4  -1.5 dBFS
[Parsed_ebur128_0 @ 0x8e8814a80] t: 23.599979  TARGET:-23 LUFS    M: -15.6 S: -17.8     I: -16.3 LUFS       LRA:   2.6 LU  FTPK:  -5.2  -5.2 dBFS  TPK:  -1.4  -1.5 dBFS
[Parsed_ebur128_0 @ 0x8e8814a80] t: 23.699979  TARGET:-23 LUFS    M: -15.8 S: -18.0     I: -16.3 LUFS       LRA:   2.6 LU  FTPK: -12.5 -13.0 dBFS  TPK:  -1.4  -1.5 dBFS
[Parsed_ebur128_0 @ 0x8e8814a80] t: 23.799979  TARGET:-23 LUFS    M: -16.5 S: -18.3     I: -16.3 LUFS       LRA:   2.6 LU  FTPK: -11.6 -11.8 dBFS  TPK:  -1.4  -1.5 dBFS
[Parsed_ebur128_0 @ 0x8e8814a80] t: 23.899979  TARGET:-23 LUFS    M: -19.6 S: -18.4     I: -16.3 LUFS       LRA:   2.6 LU  FTPK: -15.0 -15.0 dBFS  TPK:  -1.4  -1.5 dBFS
[Parsed_ebur128_0 @ 0x8e8814a80] t: 23.999979  TARGET:-23 LUFS    M: -20.1 S: -18.1     I: -16.3 LUFS       LRA:   2.6 LU  FTPK:  -6.3  -6.3 dBFS  TPK:  -1.4  -1.5 dBFS
[Parsed_ebur128_0 @ 0x8e8814a80] t: 24.099979  TARGET:-23 LUFS    M: -17.8 S: -17.8     I: -16.3 LUFS       LRA:   2.6 LU  FTPK:  -6.0  -6.0 dBFS  TPK:  -1.4  -1.5 dBFS
[Parsed_ebur128_0 @ 0x8e8814a80] t: 24.199979  TARGET:-23 LUFS    M: -18.1 S: -17.8     I: -16.3 LUFS       LRA:   2.6 LU  FTPK: -14.5 -14.5 dBFS  TPK:  -1.4  -1.5 dBFS
[Parsed_ebur128_0 @ 0x8e8814a80] t: 24.299979  TARGET:-23 LUFS    M: -17.9 S: -17.8     I: -16.3 LUFS       LRA:   2.6 LU  FTPK: -13.3 -13.3 dBFS  TPK:  -1.4  -1.5 dBFS
[Parsed_ebur128_0 @ 0x8e8814a80] t: 24.399979  TARGET:-23 LUFS    M: -20.1 S: -17.8     I: -16.3 LUFS       LRA:   2.5 LU  FTPK: -24.2 -24.5 dBFS  TPK:  -1.4  -1.5 dBFS
[Parsed_ebur128_0 @ 0x8e8814a80] t: 24.499979  TARGET:-23 LUFS    M: -25.6 S: -17.7     I: -16.4 LUFS       LRA:   2.5 LU  FTPK: -14.1 -14.1 dBFS  TPK:  -1.4  -1.5 dBFS
[Parsed_ebur128_0 @ 0x8e8814a80] t: 24.599979  TARGET:-23 LUFS    M: -25.8 S: -17.7     I: -16.4 LUFS       LRA:   2.5 LU  FTPK: -45.5 -45.5 dBFS  TPK:  -1.4  -1.5 dBFS
[Parsed_ebur128_0 @ 0x8e8814a80] t: 24.699979  TARGET:-23 LUFS    M: -28.5 S: -17.7     I: -16.4 LUFS       LRA:   2.5 LU  FTPK: -48.1 -48.1 dBFS  TPK:  -1.4  -1.5 dBFS
[Parsed_ebur128_0 @ 0x8e8814a80] t: 24.799979  TARGET:-23 LUFS    M: -28.8 S: -17.7     I: -16.4 LUFS       LRA:   2.5 LU  FTPK: -46.3 -46.3 dBFS  TPK:  -1.4  -1.5 dBFS
[Parsed_ebur128_0 @ 0x8e8814a80] t: 24.899979  TARGET:-23 LUFS    M: -23.9 S: -17.6     I: -16.4 LUFS       LRA:   2.5 LU  FTPK:  -6.5  -6.5 dBFS  TPK:  -1.4  -1.5 dBFS
[Parsed_ebur128_0 @ 0x8e8814a80] t: 24.999979  TARGET:-23 LUFS    M: -18.4 S: -17.3     I: -16.4 LUFS       LRA:   2.5 LU  FTPK:  -5.0  -5.0 dBFS  TPK:  -1.4  -1.5 dBFS
[Parsed_ebur128_0 @ 0x8e8814a80] t: 25.099979  TARGET:-23 LUFS    M: -16.2 S: -17.0     I: -16.4 LUFS       LRA:   2.5 LU  FTPK:  -1.5  -1.5 dBFS  TPK:  -1.4  -1.5 dBFS
[Parsed_ebur128_0 @ 0x8e8814a80] t: 25.199979  TARGET:-23 LUFS    M: -13.6 S: -16.4     I: -16.4 LUFS       LRA:   2.6 LU  FTPK:  -3.0  -3.0 dBFS  TPK:  -1.4  -1.5 dBFS
[Parsed_ebur128_0 @ 0x8e8814a80] t: 25.299979  TARGET:-23 LUFS    M: -12.3 S: -16.0     I: -16.3 LUFS       LRA:   2.6 LU  FTPK:  -4.4  -4.4 dBFS  TPK:  -1.4  -1.5 dBFS
[Parsed_ebur128_0 @ 0x8e8814a80] t: 25.399979  TARGET:-23 LUFS    M: -12.6 S: -15.9     I: -16.3 LUFS       LRA:   2.6 LU  FTPK:  -7.0  -7.0 dBFS  TPK:  -1.4  -1.5 dBFS
[Parsed_ebur128_0 @ 0x8e8814a80] t: 25.499979  TARGET:-23 LUFS    M: -13.1 S: -16.0     I: -16.3 LUFS       LRA:   2.6 LU  FTPK: -13.4 -13.4 dBFS  TPK:  -1.4  -1.5 dBFS
[Parsed_ebur128_0 @ 0x8e8814a80] t: 25.599979  TARGET:-23 LUFS    M: -15.3 S: -16.0     I: -16.3 LUFS       LRA:   2.6 LU  FTPK: -11.0 -11.0 dBFS  TPK:  -1.4  -1.5 dBFS
[Parsed_ebur128_0 @ 0x8e8814a80] t: 25.699979  TARGET:-23 LUFS    M: -18.6 S: -16.6     I: -16.3 LUFS       LRA:   2.6 LU  FTPK: -11.4 -11.4 dBFS  TPK:  -1.4  -1.5 dBFS
[Parsed_ebur128_0 @ 0x8e8814a80] t: 25.799979  TARGET:-23 LUFS    M: -20.3 S: -16.8     I: -16.3 LUFS       LRA:   2.6 LU  FTPK: -12.0 -12.0 dBFS  TPK:  -1.4  -1.5 dBFS
[Parsed_ebur128_0 @ 0x8e8814a80] t: 25.899979  TARGET:-23 LUFS    M: -20.3 S: -16.8     I: -16.3 LUFS       LRA:   2.6 LU  FTPK: -11.3 -11.3 dBFS  TPK:  -1.4  -1.5 dBFS
[Parsed_ebur128_0 @ 0x8e8814a80] t: 25.999979  TARGET:-23 LUFS    M: -19.3 S: -16.9     I: -16.3 LUFS       LRA:   2.6 LU  FTPK:  -8.1  -8.1 dBFS  TPK:  -1.4  -1.5 dBFS
[Parsed_ebur128_0 @ 0x8e8814a80] t: 26.099979  TARGET:-23 LUFS    M: -20.5 S: -17.2     I: -16.3 LUFS       LRA:   2.6 LU  FTPK: -19.3 -19.3 dBFS  TPK:  -1.4  -1.5 dBFS
[Parsed_ebur128_0 @ 0x8e8814a80] t: 26.199979  TARGET:-23 LUFS    M: -19.9 S: -17.4     I: -16.4 LUFS       LRA:   2.6 LU  FTPK:  -7.0  -7.0 dBFS  TPK:  -1.4  -1.5 dBFS
[Parsed_ebur128_0 @ 0x8e8814a80] t: 26.299979  TARGET:-23 LUFS    M: -21.3 S: -17.5     I: -16.4 LUFS       LRA:   2.6 LU  FTPK: -15.9 -15.9 dBFS  TPK:  -1.4  -1.5 dBFS
[Parsed_ebur128_0 @ 0x8e8814a80] t: 26.399979  TARGET:-23 LUFS    M: -23.3 S: -17.6     I: -16.4 LUFS       LRA:   2.6 LU  FTPK: -13.2 -13.2 dBFS  TPK:  -1.4  -1.5 dBFS
[Parsed_ebur128_0 @ 0x8e8814a80] t: 26.499979  TARGET:-23 LUFS    M: -22.2 S: -17.9     I: -16.4 LUFS       LRA:   2.6 LU  FTPK: -11.9 -11.9 dBFS  TPK:  -1.4  -1.5 dBFS
[Parsed_ebur128_0 @ 0x8e8814a80] t: 26.599979  TARGET:-23 LUFS    M: -25.3 S: -18.2     I: -16.4 LUFS       LRA:   2.6 LU  FTPK: -48.8 -48.8 dBFS  TPK:  -1.4  -1.5 dBFS
[Parsed_ebur128_0 @ 0x8e8814a80] t: 26.699979  TARGET:-23 LUFS    M: -25.7 S: -18.3     I: -16.4 LUFS       LRA:   2.6 LU  FTPK: -63.0 -63.0 dBFS  TPK:  -1.4  -1.5 dBFS
[Parsed_ebur128_0 @ 0x8e8814a80] t: 26.799979  TARGET:-23 LUFS    M: -27.1 S: -18.3     I: -16.4 LUFS       LRA:   2.6 LU  FTPK: -64.8 -64.8 dBFS  TPK:  -1.4  -1.5 dBFS
[Parsed_ebur128_0 @ 0x8e8814a80] t: 26.899979  TARGET:-23 LUFS    M: -68.4 S: -18.4     I: -16.4 LUFS       LRA:   2.6 LU  FTPK: -65.9 -65.9 dBFS  TPK:  -1.4  -1.5 dBFS
[Parsed_ebur128_0 @ 0x8e8814a80] t: 26.999979  TARGET:-23 LUFS    M: -74.5 S: -18.6     I: -16.4 LUFS       LRA:   2.6 LU  FTPK: -74.3 -74.3 dBFS  TPK:  -1.4  -1.5 dBFS
[Parsed_ebur128_0 @ 0x8e8814a80] t: 27.099979  TARGET:-23 LUFS    M: -76.8 S: -19.0     I: -16.4 LUFS       LRA:   2.6 LU  FTPK: -74.4 -74.4 dBFS  TPK:  -1.4  -1.5 dBFS
[Parsed_ebur128_0 @ 0x8e8814a80] t: 27.199979  TARGET:-23 LUFS    M: -80.1 S: -19.0     I: -16.4 LUFS       LRA:   2.6 LU  FTPK:  -inf  -inf dBFS  TPK:  -1.4  -1.5 dBFS
[Parsed_ebur128_0 @ 0x8e8814a80] t: 27.299979  TARGET:-23 LUFS    M: -86.0 S: -19.1     I: -16.4 LUFS       LRA:   2.6 LU  FTPK: -99.7 -99.7 dBFS  TPK:  -1.4  -1.5 dBFS
[Parsed_ebur128_0 @ 0x8e8814a80] t: 27.399979  TARGET:-23 LUFS    M: -85.7 S: -19.1     I: -16.4 LUFS       LRA:   2.5 LU  FTPK: -74.2 -74.2 dBFS  TPK:  -1.4  -1.5 dBFS
[Parsed_ebur128_0 @ 0x8e8814a80] t: 27.499979  TARGET:-23 LUFS    M: -83.8 S: -19.1     I: -16.4 LUFS       LRA:   2.6 LU  FTPK: -73.3 -73.3 dBFS  TPK:  -1.4  -1.5 dBFS
[Parsed_ebur128_0 @ 0x8e8814a80] t: 27.599979  TARGET:-23 LUFS    M: -79.2 S: -19.1     I: -16.4 LUFS       LRA:   2.6 LU  FTPK: -66.1 -66.1 dBFS  TPK:  -1.4  -1.5 dBFS
[Parsed_ebur128_0 @ 0x8e8814a80] t: 27.699979  TARGET:-23 LUFS    M: -61.9 S: -19.1     I: -16.4 LUFS       LRA:   2.6 LU  FTPK: -40.5 -40.5 dBFS  TPK:  -1.4  -1.5 dBFS
[Parsed_ebur128_0 @ 0x8e8814a80] t: 27.799979  TARGET:-23 LUFS    M: -20.1 S: -18.7     I: -16.5 LUFS       LRA:   2.6 LU  FTPK:  -7.0  -7.0 dBFS  TPK:  -1.4  -1.5 dBFS
[Parsed_ebur128_0 @ 0x8e8814a80] t: 27.899979  TARGET:-23 LUFS    M: -15.6 S: -18.1     I: -16.5 LUFS       LRA:   2.6 LU  FTPK:  -1.5  -1.5 dBFS  TPK:  -1.4  -1.5 dBFS
[Parsed_ebur128_0 @ 0x8e8814a80] t: 27.999979  TARGET:-23 LUFS    M: -15.2 S: -18.4     I: -16.4 LUFS       LRA:   2.5 LU  FTPK: -11.3 -11.3 dBFS  TPK:  -1.4  -1.5 dBFS
[Parsed_ebur128_0 @ 0x8e8814a80] t: 28.099979  TARGET:-23 LUFS    M: -14.5 S: -18.6     I: -16.4 LUFS       LRA:   2.5 LU  FTPK:  -1.6  -1.6 dBFS  TPK:  -1.4  -1.5 dBFS
[Parsed_ebur128_0 @ 0x8e8814a80] t: 28.199979  TARGET:-23 LUFS    M: -13.3 S: -18.6     I: -16.4 LUFS       LRA:   2.5 LU  FTPK:  -2.7  -2.7 dBFS  TPK:  -1.4  -1.5 dBFS
[Parsed_ebur128_0 @ 0x8e8814a80] t: 28.299979  TARGET:-23 LUFS    M: -14.2 S: -19.0     I: -16.4 LUFS       LRA:   2.5 LU  FTPK:  -6.9  -6.9 dBFS  TPK:  -1.4  -1.5 dBFS
[Parsed_ebur128_0 @ 0x8e8814a80] t: 28.399979  TARGET:-23 LUFS    M: -13.8 S: -19.0     I: -16.4 LUFS       LRA:   2.5 LU  FTPK:  -7.4  -7.4 dBFS  TPK:  -1.4  -1.5 dBFS
[Parsed_ebur128_0 @ 0x8e8814a80] t: 28.499979  TARGET:-23 LUFS    M: -14.1 S: -19.0     I: -16.4 LUFS       LRA:   2.5 LU  FTPK:  -8.8  -8.8 dBFS  TPK:  -1.4  -1.5 dBFS
[Parsed_ebur128_0 @ 0x8e8814a80] t: 28.599979  TARGET:-23 LUFS    M: -16.9 S: -18.9     I: -16.4 LUFS       LRA:   2.5 LU  FTPK:  -7.0  -7.0 dBFS  TPK:  -1.4  -1.5 dBFS
[Parsed_ebur128_0 @ 0x8e8814a80] t: 28.699979  TARGET:-23 LUFS    M: -18.2 S: -18.9     I: -16.4 LUFS       LRA:   2.5 LU  FTPK: -10.2 -10.2 dBFS  TPK:  -1.4  -1.5 dBFS
[Parsed_ebur128_0 @ 0x8e8814a80] t: 28.799979  TARGET:-23 LUFS    M: -20.2 S: -19.0     I: -16.4 LUFS       LRA:   2.5 LU  FTPK: -14.7 -14.7 dBFS  TPK:  -1.4  -1.5 dBFS
[Parsed_ebur128_0 @ 0x8e8814a80] t: 28.899979  TARGET:-23 LUFS    M: -19.7 S: -19.0     I: -16.4 LUFS       LRA:   2.5 LU  FTPK:  -9.2  -9.2 dBFS  TPK:  -1.4  -1.5 dBFS
[Parsed_ebur128_0 @ 0x8e8814a80] t: 28.999979  TARGET:-23 LUFS    M: -19.2 S: -18.9     I: -16.4 LUFS       LRA:   2.5 LU  FTPK:  -9.0  -9.0 dBFS  TPK:  -1.4  -1.5 dBFS
[Parsed_ebur128_0 @ 0x8e8814a80] t: 29.099979  TARGET:-23 LUFS    M: -18.8 S: -18.7     I: -16.4 LUFS       LRA:   2.5 LU  FTPK:  -8.1  -8.1 dBFS  TPK:  -1.4  -1.5 dBFS
[Parsed_ebur128_0 @ 0x8e8814a80] t: 29.199979  TARGET:-23 LUFS    M: -14.2 S: -17.9     I: -16.4 LUFS       LRA:   2.5 LU  FTPK:  -2.7  -2.7 dBFS  TPK:  -1.4  -1.5 dBFS
[Parsed_ebur128_0 @ 0x8e8814a80] t: 29.299979  TARGET:-23 LUFS    M: -14.5 S: -17.8     I: -16.4 LUFS       LRA:   2.5 LU  FTPK:  -8.6  -8.6 dBFS  TPK:  -1.4  -1.5 dBFS
[Parsed_ebur128_0 @ 0x8e8814a80] t: 29.399979  TARGET:-23 LUFS    M: -14.9 S: -17.8     I: -16.4 LUFS       LRA:   2.5 LU  FTPK: -16.5 -16.5 dBFS  TPK:  -1.4  -1.5 dBFS
[Parsed_ebur128_0 @ 0x8e8814a80] t: 29.499979  TARGET:-23 LUFS    M: -15.6 S: -17.9     I: -16.4 LUFS       LRA:   2.5 LU  FTPK: -42.0 -42.0 dBFS  TPK:  -1.4  -1.5 dBFS
[Parsed_ebur128_0 @ 0x8e8814a80] t: 29.599979  TARGET:-23 LUFS    M: -27.2 S: -17.9     I: -16.4 LUFS       LRA:   2.5 LU  FTPK: -49.8 -49.8 dBFS  TPK:  -1.4  -1.5 dBFS
[Parsed_ebur128_0 @ 0x8e8814a80] t: 29.699979  TARGET:-23 LUFS    M: -33.7 S: -17.9     I: -16.4 LUFS       LRA:   2.5 LU  FTPK: -47.3 -47.3 dBFS  TPK:  -1.4  -1.5 dBFS
[Parsed_ebur128_0 @ 0x8e8814a80] t: 29.799979  TARGET:-23 LUFS    M: -24.9 S: -17.8     I: -16.4 LUFS       LRA:   2.5 LU  FTPK:  -8.6  -8.9 dBFS  TPK:  -1.4  -1.5 dBFS
[Parsed_ebur128_0 @ 0x8e8814a80] t: 29.899979  TARGET:-23 LUFS    M: -21.2 S: -17.6     I: -16.4 LUFS       LRA:   2.5 LU  FTPK:  -7.4  -7.4 dBFS  TPK:  -1.4  -1.5 dBFS
[Parsed_ebur128_0 @ 0x8e8814a80] t: 29.999979  TARGET:-23 LUFS    M: -18.8 S: -17.5     I: -16.4 LUFS       LRA:   2.5 LU  FTPK:  -7.2  -7.2 dBFS  TPK:  -1.4  -1.5 dBFS
[Parsed_ebur128_0 @ 0x8e8814a80] t: 30.099979  TARGET:-23 LUFS    M: -16.3 S: -17.1     I: -16.4 LUFS       LRA:   2.5 LU  FTPK:  -6.7  -6.7 dBFS  TPK:  -1.4  -1.5 dBFS
[Parsed_ebur128_0 @ 0x8e8814a80] t: 30.199979  TARGET:-23 LUFS    M: -15.8 S: -16.9     I: -16.4 LUFS       LRA:   2.5 LU  FTPK:  -8.2  -8.2 dBFS  TPK:  -1.4  -1.5 dBFS
[Parsed_ebur128_0 @ 0x8e8814a80] t: 30.299979  TARGET:-23 LUFS    M: -15.8 S: -16.8     I: -16.4 LUFS       LRA:   2.5 LU  FTPK:  -7.1  -7.1 dBFS  TPK:  -1.4  -1.5 dBFS
[Parsed_ebur128_0 @ 0x8e8814a80] t: 30.399979  TARGET:-23 LUFS    M: -15.9 S: -16.7     I: -16.4 LUFS       LRA:   2.4 LU  FTPK:  -8.5  -8.5 dBFS  TPK:  -1.4  -1.5 dBFS
[Parsed_ebur128_0 @ 0x8e8814a80] t: 30.499979  TARGET:-23 LUFS    M: -17.8 S: -16.7     I: -16.4 LUFS       LRA:   2.4 LU  FTPK: -19.1 -19.1 dBFS  TPK:  -1.4  -1.5 dBFS
[Parsed_ebur128_0 @ 0x8e8814a80] t: 30.599979  TARGET:-23 LUFS    M: -19.8 S: -16.7     I: -16.4 LUFS       LRA:   2.4 LU  FTPK: -15.6 -15.6 dBFS  TPK:  -1.4  -1.5 dBFS
[Parsed_ebur128_0 @ 0x8e8814a80] t: 30.699979  TARGET:-23 LUFS    M: -20.3 S: -16.6     I: -16.4 LUFS       LRA:   2.4 LU  FTPK: -13.1 -13.1 dBFS  TPK:  -1.4  -1.5 dBFS
[Parsed_ebur128_0 @ 0x8e8814a80] t: 30.799979  TARGET:-23 LUFS    M: -21.9 S: -16.8     I: -16.5 LUFS       LRA:   2.4 LU  FTPK: -13.6 -13.6 dBFS  TPK:  -1.4  -1.5 dBFS
[Parsed_ebur128_0 @ 0x8e8814a80] t: 30.899979  TARGET:-23 LUFS    M: -19.9 S: -17.2     I: -16.5 LUFS       LRA:   2.4 LU  FTPK: -14.2 -14.2 dBFS  TPK:  -1.4  -1.5 dBFS
[Parsed_ebur128_0 @ 0x8e8814a80] t: 30.999979  TARGET:-23 LUFS    M: -18.0 S: -17.1     I: -16.5 LUFS       LRA:   2.4 LU  FTPK:  -7.1  -7.1 dBFS  TPK:  -1.4  -1.5 dBFS
[Parsed_ebur128_0 @ 0x8e8814a80] t: 31.099979  TARGET:-23 LUFS    M: -17.6 S: -17.1     I: -16.5 LUFS       LRA:   2.4 LU  FTPK:  -5.7  -5.7 dBFS  TPK:  -1.4  -1.5 dBFS
[Parsed_ebur128_0 @ 0x8e8814a80] t: 31.199979  TARGET:-23 LUFS    M: -18.1 S: -17.7     I: -16.5 LUFS       LRA:   2.4 LU  FTPK: -14.7 -14.7 dBFS  TPK:  -1.4  -1.5 dBFS
[Parsed_ebur128_0 @ 0x8e8814a80] t: 31.299979  TARGET:-23 LUFS    M: -19.5 S: -18.1     I: -16.5 LUFS       LRA:   2.4 LU  FTPK: -26.7 -26.7 dBFS  TPK:  -1.4  -1.5 dBFS
[Parsed_ebur128_0 @ 0x8e8814a80] t: 31.399979  TARGET:-23 LUFS    M: -21.7 S: -18.2     I: -16.5 LUFS       LRA:   2.4 LU  FTPK: -14.0 -14.0 dBFS  TPK:  -1.4  -1.5 dBFS
[Parsed_ebur128_0 @ 0x8e8814a80] t: 31.499979  TARGET:-23 LUFS    M: -26.7 S: -18.3     I: -16.5 LUFS       LRA:   2.4 LU  FTPK: -30.4 -30.4 dBFS  TPK:  -1.4  -1.5 dBFS
[Parsed_ebur128_0 @ 0x8e8814a80] t: 31.599979  TARGET:-23 LUFS    M: -27.4 S: -18.4     I: -16.5 LUFS       LRA:   2.4 LU  FTPK: -61.6 -61.6 dBFS  TPK:  -1.4  -1.5 dBFS
[Parsed_ebur128_0 @ 0x8e8814a80] t: 31.699979  TARGET:-23 LUFS    M: -27.4 S: -18.6     I: -16.5 LUFS       LRA:   2.4 LU  FTPK: -63.4 -63.4 dBFS  TPK:  -1.4  -1.5 dBFS
[Parsed_ebur128_0 @ 0x8e8814a80] t: 31.799979  TARGET:-23 LUFS    M: -51.9 S: -18.6     I: -16.5 LUFS       LRA:   2.4 LU  FTPK: -65.4 -65.4 dBFS  TPK:  -1.4  -1.5 dBFS
[Parsed_ebur128_0 @ 0x8e8814a80] t: 31.899979  TARGET:-23 LUFS    M: -73.6 S: -18.8     I: -16.5 LUFS       LRA:   2.4 LU  FTPK: -73.5 -73.5 dBFS  TPK:  -1.4  -1.5 dBFS
[Parsed_ebur128_0 @ 0x8e8814a80] t: 31.999979  TARGET:-23 LUFS    M: -75.8 S: -19.0     I: -16.5 LUFS       LRA:   2.4 LU  FTPK: -73.7 -73.7 dBFS  TPK:  -1.4  -1.5 dBFS
[Parsed_ebur128_0 @ 0x8e8814a80] t: 32.099979  TARGET:-23 LUFS    M: -78.8 S: -19.2     I: -16.5 LUFS       LRA:   2.4 LU  FTPK: -170.6 -170.6 dBFS  TPK:  -1.4  -1.5 dBFS
[Parsed_ebur128_0 @ 0x8e8814a80] t: 32.199979  TARGET:-23 LUFS    M: -84.2 S: -20.6     I: -16.5 LUFS       LRA:   2.5 LU  FTPK: -179.1 -179.1 dBFS  TPK:  -1.4  -1.5 dBFS
[Parsed_ebur128_0 @ 0x8e8814a80] t: 32.299979  TARGET:-23 LUFS    M: -85.6 S: -20.7     I: -16.5 LUFS       LRA:   2.5 LU  FTPK: -73.7 -73.7 dBFS  TPK:  -1.4  -1.5 dBFS
[Parsed_ebur128_0 @ 0x8e8814a80] t: 32.399979  TARGET:-23 LUFS    M: -84.3 S: -20.8     I: -16.5 LUFS       LRA:   2.5 LU  FTPK: -73.6 -73.6 dBFS  TPK:  -1.4  -1.5 dBFS
[Parsed_ebur128_0 @ 0x8e8814a80] t: 32.499979  TARGET:-23 LUFS    M: -79.6 S: -20.8     I: -16.5 LUFS       LRA:   2.5 LU  FTPK: -62.7 -62.7 dBFS  TPK:  -1.4  -1.5 dBFS
[Parsed_ebur128_0 @ 0x8e8814a80] t: 32.599979  TARGET:-23 LUFS    M: -67.8 S: -20.8     I: -16.5 LUFS       LRA:   2.5 LU  FTPK: -46.8 -46.8 dBFS  TPK:  -1.4  -1.5 dBFS
[Parsed_ebur128_0 @ 0x8e8814a80] t: 32.699979  TARGET:-23 LUFS    M: -22.1 S: -20.4     I: -16.6 LUFS       LRA:   2.5 LU  FTPK:  -1.5  -1.5 dBFS  TPK:  -1.4  -1.5 dBFS
[Parsed_ebur128_0 @ 0x8e8814a80] t: 32.799979  TARGET:-23 LUFS    M: -18.6 S: -20.1     I: -16.6 LUFS       LRA:   2.5 LU  FTPK: -10.2 -10.2 dBFS  TPK:  -1.4  -1.5 dBFS
[Parsed_ebur128_0 @ 0x8e8814a80] t: 32.899979  TARGET:-23 LUFS    M: -15.5 S: -19.5     I: -16.6 LUFS       LRA:   2.6 LU  FTPK:  -6.5  -6.5 dBFS  TPK:  -1.4  -1.5 dBFS
[Parsed_ebur128_0 @ 0x8e8814a80] t: 32.999979  TARGET:-23 LUFS    M: -14.9 S: -19.6     I: -16.5 LUFS       LRA:   2.6 LU  FTPK:  -9.4  -9.4 dBFS  TPK:  -1.4  -1.5 dBFS
[Parsed_ebur128_0 @ 0x8e8814a80] t: 33.099979  TARGET:-23 LUFS    M: -14.6 S: -19.7     I: -16.5 LUFS       LRA:   2.7 LU  FTPK:  -4.2  -4.2 dBFS  TPK:  -1.4  -1.5 dBFS
[Parsed_ebur128_0 @ 0x8e8814a80] t: 33.199979  TARGET:-23 LUFS    M: -14.7 S: -19.7     I: -16.5 LUFS       LRA:   2.7 LU  FTPK:  -8.0  -8.0 dBFS  TPK:  -1.4  -1.5 dBFS
[Parsed_ebur128_0 @ 0x8e8814a80] t: 33.299979  TARGET:-23 LUFS    M: -16.0 S: -19.6     I: -16.5 LUFS       LRA:   2.7 LU  FTPK:  -6.9  -6.9 dBFS  TPK:  -1.4  -1.5 dBFS
[Parsed_ebur128_0 @ 0x8e8814a80] t: 33.399979  TARGET:-23 LUFS    M: -16.1 S: -19.7     I: -16.5 LUFS       LRA:   2.7 LU  FTPK: -11.4 -11.4 dBFS  TPK:  -1.4  -1.5 dBFS
[Parsed_ebur128_0 @ 0x8e8814a80] t: 33.499979  TARGET:-23 LUFS    M: -17.6 S: -19.6     I: -16.5 LUFS       LRA:   2.7 LU  FTPK: -12.2 -12.2 dBFS  TPK:  -1.4  -1.5 dBFS
[Parsed_ebur128_0 @ 0x8e8814a80] t: 33.599979  TARGET:-23 LUFS    M: -18.7 S: -19.5     I: -16.5 LUFS       LRA:   2.7 LU  FTPK: -11.9 -11.9 dBFS  TPK:  -1.4  -1.5 dBFS
[Parsed_ebur128_0 @ 0x8e8814a80] t: 33.699979  TARGET:-23 LUFS    M: -20.0 S: -19.5     I: -16.5 LUFS       LRA:   2.8 LU  FTPK: -13.0 -13.0 dBFS  TPK:  -1.4  -1.5 dBFS
[Parsed_ebur128_0 @ 0x8e8814a80] t: 33.799979  TARGET:-23 LUFS    M: -19.4 S: -19.5     I: -16.5 LUFS       LRA:   2.8 LU  FTPK:  -7.7  -7.7 dBFS  TPK:  -1.4  -1.5 dBFS
[Parsed_ebur128_0 @ 0x8e8814a80] t: 33.899979  TARGET:-23 LUFS    M: -19.1 S: -19.5     I: -16.6 LUFS       LRA:   2.9 LU  FTPK:  -8.4  -8.4 dBFS  TPK:  -1.4  -1.5 dBFS
[Parsed_ebur128_0 @ 0x8e8814a80] t: 33.999979  TARGET:-23 LUFS    M: -20.0 S: -19.8     I: -16.6 LUFS       LRA:   2.9 LU  FTPK: -10.1 -10.1 dBFS  TPK:  -1.4  -1.5 dBFS
[Parsed_ebur128_0 @ 0x8e8814a80] t: 34.099979  TARGET:-23 LUFS    M: -16.0 S: -19.2     I: -16.6 LUFS       LRA:   2.9 LU  FTPK:  -5.0  -5.0 dBFS  TPK:  -1.4  -1.5 dBFS
[Parsed_ebur128_0 @ 0x8e8814a80] t: 34.199979  TARGET:-23 LUFS    M: -15.6 S: -18.9     I: -16.6 LUFS       LRA:   2.9 LU  FTPK:  -6.8  -6.8 dBFS  TPK:  -1.4  -1.5 dBFS
[Parsed_ebur128_0 @ 0x8e8814a80] t: 34.299979  TARGET:-23 LUFS    M: -15.5 S: -18.7     I: -16.6 LUFS       LRA:   2.9 LU  FTPK: -11.0 -11.0 dBFS  TPK:  -1.4  -1.5 dBFS
[Parsed_ebur128_0 @ 0x8e8814a80] t: 34.399979  TARGET:-23 LUFS    M: -15.4 S: -18.7     I: -16.5 LUFS       LRA:   2.9 LU  FTPK:  -8.7  -8.7 dBFS  TPK:  -1.4  -1.5 dBFS
[Parsed_ebur128_0 @ 0x8e8814a80] t: 34.499979  TARGET:-23 LUFS    M: -18.0 S: -18.6     I: -16.6 LUFS       LRA:   2.9 LU  FTPK:  -5.0  -5.0 dBFS  TPK:  -1.4  -1.5 dBFS
[Parsed_ebur128_0 @ 0x8e8814a80] t: 34.599979  TARGET:-23 LUFS    M: -17.7 S: -18.2     I: -16.6 LUFS       LRA:   2.9 LU  FTPK:  -5.3  -5.3 dBFS  TPK:  -1.4  -1.5 dBFS
[Parsed_ebur128_0 @ 0x8e8814a80] t: 34.699979  TARGET:-23 LUFS    M: -18.2 S: -18.2     I: -16.6 LUFS       LRA:   2.9 LU  FTPK: -11.8 -11.8 dBFS  TPK:  -1.4  -1.5 dBFS
[Parsed_ebur128_0 @ 0x8e8814a80] t: 34.799979  TARGET:-23 LUFS    M: -17.0 S: -18.0     I: -16.6 LUFS       LRA:   2.9 LU  FTPK:  -7.4  -7.4 dBFS  TPK:  -1.4  -1.5 dBFS
[Parsed_ebur128_0 @ 0x8e8814a80] t: 34.899979  TARGET:-23 LUFS    M: -17.2 S: -17.8     I: -16.6 LUFS       LRA:   2.9 LU  FTPK:  -9.9  -9.9 dBFS  TPK:  -1.4  -1.5 dBFS
[Parsed_ebur128_0 @ 0x8e8814a80] t: 34.999979  TARGET:-23 LUFS    M: -15.6 S: -17.3     I: -16.6 LUFS       LRA:   2.9 LU  FTPK:  -6.1  -6.1 dBFS  TPK:  -1.4  -1.5 dBFS
[Parsed_ebur128_0 @ 0x8e8814a80] t: 35.099979  TARGET:-23 LUFS    M: -15.6 S: -17.2     I: -16.5 LUFS       LRA:   2.9 LU  FTPK: -11.1 -11.1 dBFS  TPK:  -1.4  -1.5 dBFS
[Parsed_ebur128_0 @ 0x8e8814a80] t: 35.199979  TARGET:-23 LUFS    M: -16.7 S: -17.2     I: -16.5 LUFS       LRA:   2.9 LU  FTPK: -29.8 -29.8 dBFS  TPK:  -1.4  -1.5 dBFS
[Parsed_ebur128_0 @ 0x8e8814a80] t: 35.299979  TARGET:-23 LUFS    M: -17.4 S: -17.2     I: -16.5 LUFS       LRA:   2.9 LU  FTPK: -55.8 -55.8 dBFS  TPK:  -1.4  -1.5 dBFS
[Parsed_ebur128_0 @ 0x8e8814a80] t: 35.399979  TARGET:-23 LUFS    M: -26.8 S: -17.2     I: -16.6 LUFS       LRA:   2.8 LU  FTPK: -62.9 -62.9 dBFS  TPK:  -1.4  -1.5 dBFS
[Parsed_ebur128_0 @ 0x8e8814a80] t: 35.499979  TARGET:-23 LUFS    M: -49.5 S: -17.2     I: -16.6 LUFS       LRA:   2.8 LU  FTPK: -63.5 -63.5 dBFS  TPK:  -1.4  -1.5 dBFS
[Parsed_ebur128_0 @ 0x8e8814a80] t: 35.599979  TARGET:-23 LUFS    M: -70.3 S: -17.2     I: -16.6 LUFS       LRA:   2.8 LU  FTPK: -64.4 -64.4 dBFS  TPK:  -1.4  -1.5 dBFS
[Parsed_ebur128_0 @ 0x8e8814a80] t: 35.699979  TARGET:-23 LUFS    M: -73.9 S: -17.4     I: -16.6 LUFS       LRA:   2.8 LU  FTPK: -72.2 -72.2 dBFS  TPK:  -1.4  -1.5 dBFS
[Parsed_ebur128_0 @ 0x8e8814a80] t: 35.799979  TARGET:-23 LUFS    M: -75.6 S: -17.7     I: -16.6 LUFS       LRA:   2.8 LU  FTPK: -73.9 -73.9 dBFS  TPK:  -1.4  -1.5 dBFS
[Parsed_ebur128_0 @ 0x8e8814a80] t: 35.899979  TARGET:-23 LUFS    M: -78.8 S: -18.2     I: -16.6 LUFS       LRA:   2.8 LU  FTPK: -109.9 -109.9 dBFS  TPK:  -1.4  -1.5 dBFS
[Parsed_ebur128_0 @ 0x8e8814a80] t: 35.999979  TARGET:-23 LUFS    M: -84.3 S: -18.4     I: -16.6 LUFS       LRA:   2.8 LU  FTPK:  -inf  -inf dBFS  TPK:  -1.4  -1.5 dBFS
[Parsed_ebur128_0 @ 0x8e8814a80] t: 36.099979  TARGET:-23 LUFS    M: -85.6 S: -18.7     I: -16.6 LUFS       LRA:   2.8 LU  FTPK: -73.7 -73.7 dBFS  TPK:  -1.4  -1.5 dBFS
[Parsed_ebur128_0 @ 0x8e8814a80] t: 36.199979  TARGET:-23 LUFS    M: -84.5 S: -19.0     I: -16.6 LUFS       LRA:   2.8 LU  FTPK: -72.9 -72.9 dBFS  TPK:  -1.4  -1.5 dBFS
[Parsed_ebur128_0 @ 0x8e8814a80] t: 36.299979  TARGET:-23 LUFS    M: -80.0 S: -19.3     I: -16.6 LUFS       LRA:   2.8 LU  FTPK: -64.5 -64.5 dBFS  TPK:  -1.4  -1.5 dBFS
[Parsed_ebur128_0 @ 0x8e8814a80] t: 36.399979  TARGET:-23 LUFS    M: -75.2 S: -19.4     I: -16.6 LUFS       LRA:   2.8 LU  FTPK: -60.7 -60.7 dBFS  TPK:  -1.4  -1.5 dBFS
[Parsed_ebur128_0 @ 0x8e8814a80] t: 36.499979  TARGET:-23 LUFS    M: -28.9 S: -19.5     I: -16.6 LUFS       LRA:   2.8 LU  FTPK: -13.4 -13.4 dBFS  TPK:  -1.4  -1.5 dBFS
[Parsed_ebur128_0 @ 0x8e8814a80] t: 36.599979  TARGET:-23 LUFS    M: -16.3 S: -18.6     I: -16.6 LUFS       LRA:   2.8 LU  FTPK:  -1.5  -1.5 dBFS  TPK:  -1.4  -1.5 dBFS
[Parsed_ebur128_0 @ 0x8e8814a80] t: 36.699979  TARGET:-23 LUFS    M: -15.9 S: -18.6     I: -16.6 LUFS       LRA:   2.8 LU  FTPK:  -4.8  -4.8 dBFS  TPK:  -1.4  -1.5 dBFS
[Parsed_ebur128_0 @ 0x8e8814a80] t: 36.799979  TARGET:-23 LUFS    M: -15.7 S: -18.7     I: -16.6 LUFS       LRA:   2.8 LU  FTPK: -16.0 -16.0 dBFS  TPK:  -1.4  -1.5 dBFS
[Parsed_ebur128_0 @ 0x8e8814a80] t: 36.899979  TARGET:-23 LUFS    M: -13.2 S: -18.0     I: -16.6 LUFS       LRA:   2.8 LU  FTPK:  -3.9  -3.9 dBFS  TPK:  -1.4  -1.5 dBFS
[Parsed_ebur128_0 @ 0x8e8814a80] t: 36.999979  TARGET:-23 LUFS    M: -14.5 S: -17.7     I: -16.5 LUFS       LRA:   2.8 LU  FTPK:  -4.9  -4.9 dBFS  TPK:  -1.4  -1.5 dBFS
[Parsed_ebur128_0 @ 0x8e8814a80] t: 37.099979  TARGET:-23 LUFS    M: -14.3 S: -18.1     I: -16.5 LUFS       LRA:   2.8 LU  FTPK: -10.4 -10.4 dBFS  TPK:  -1.4  -1.5 dBFS
[Parsed_ebur128_0 @ 0x8e8814a80] t: 37.199979  TARGET:-23 LUFS    M: -13.9 S: -18.2     I: -16.5 LUFS       LRA:   2.8 LU  FTPK: -10.0 -10.0 dBFS  TPK:  -1.4  -1.5 dBFS
[Parsed_ebur128_0 @ 0x8e8814a80] t: 37.299979  TARGET:-23 LUFS    M: -15.3 S: -17.9     I: -16.5 LUFS       LRA:   2.8 LU  FTPK:  -5.1  -5.1 dBFS  TPK:  -1.4  -1.5 dBFS
[Parsed_ebur128_0 @ 0x8e8814a80] t: 37.399979  TARGET:-23 LUFS    M: -15.8 S: -17.7     I: -16.5 LUFS       LRA:   2.8 LU  FTPK:  -5.1  -5.1 dBFS  TPK:  -1.4  -1.5 dBFS
[Parsed_ebur128_0 @ 0x8e8814a80] t: 37.499979  TARGET:-23 LUFS    M: -16.5 S: -17.9     I: -16.5 LUFS       LRA:   2.8 LU  FTPK: -18.3 -18.3 dBFS  TPK:  -1.4  -1.5 dBFS
[Parsed_ebur128_0 @ 0x8e8814a80] t: 37.599979  TARGET:-23 LUFS    M: -17.4 S: -18.1     I: -16.5 LUFS       LRA:   2.8 LU  FTPK: -47.7 -47.7 dBFS  TPK:  -1.4  -1.5 dBFS
[Parsed_ebur128_0 @ 0x8e8814a80] t: 37.699979  TARGET:-23 LUFS    M: -20.9 S: -18.2     I: -16.5 LUFS       LRA:   2.8 LU  FTPK:  -1.7  -1.7 dBFS  TPK:  -1.4  -1.5 dBFS
[Parsed_ebur128_0 @ 0x8e8814a80] t: 37.799979  TARGET:-23 LUFS    M: -17.0 S: -17.7     I: -16.5 LUFS       LRA:   2.8 LU  FTPK:  -1.8  -1.8 dBFS  TPK:  -1.4  -1.5 dBFS
[Parsed_ebur128_0 @ 0x8e8814a80] t: 37.899979  TARGET:-23 LUFS    M: -16.7 S: -17.8     I: -16.5 LUFS       LRA:   2.8 LU  FTPK: -13.3 -13.3 dBFS  TPK:  -1.4  -1.5 dBFS
[Parsed_ebur128_0 @ 0x8e8814a80] t: 37.999979  TARGET:-23 LUFS    M: -16.3 S: -18.3     I: -16.5 LUFS       LRA:   2.8 LU  FTPK: -13.6 -13.6 dBFS  TPK:  -1.4  -1.5 dBFS
[Parsed_ebur128_0 @ 0x8e8814a80] t: 38.099979  TARGET:-23 LUFS    M: -16.2 S: -18.3     I: -16.5 LUFS       LRA:   2.8 LU  FTPK: -14.8 -14.8 dBFS  TPK:  -1.4  -1.5 dBFS
[Parsed_ebur128_0 @ 0x8e8814a80] t: 38.199979  TARGET:-23 LUFS    M: -20.2 S: -18.1     I: -16.5 LUFS       LRA:   2.8 LU  FTPK:  -8.8  -8.8 dBFS  TPK:  -1.4  -1.5 dBFS
[Parsed_ebur128_0 @ 0x8e8814a80] t: 38.299979  TARGET:-23 LUFS    M: -15.7 S: -17.5     I: -16.5 LUFS       LRA:   2.8 LU  FTPK:  -1.5  -1.5 dBFS  TPK:  -1.4  -1.5 dBFS
[Parsed_ebur128_0 @ 0x8e8814a80] t: 38.399979  TARGET:-23 LUFS    M: -15.7 S: -17.4     I: -16.5 LUFS       LRA:   2.8 LU  FTPK: -10.2 -10.2 dBFS  TPK:  -1.4  -1.5 dBFS
[Parsed_ebur128_0 @ 0x8e8814a80] t: 38.499979  TARGET:-23 LUFS    M: -15.7 S: -17.4     I: -16.5 LUFS       LRA:   2.8 LU  FTPK: -10.9 -10.9 dBFS  TPK:  -1.4  -1.5 dBFS
[Parsed_ebur128_0 @ 0x8e8814a80] t: 38.599979  TARGET:-23 LUFS    M: -15.8 S: -17.3     I: -16.5 LUFS       LRA:   2.8 LU  FTPK:  -8.5  -8.5 dBFS  TPK:  -1.4  -1.5 dBFS
[Parsed_ebur128_0 @ 0x8e8814a80] t: 38.699979  TARGET:-23 LUFS    M: -21.2 S: -17.2     I: -16.5 LUFS       LRA:   2.8 LU  FTPK: -13.9 -13.9 dBFS  TPK:  -1.4  -1.5 dBFS
[Parsed_ebur128_0 @ 0x8e8814a80] t: 38.799979  TARGET:-23 LUFS    M: -20.2 S: -17.1     I: -16.5 LUFS       LRA:   2.8 LU  FTPK: -12.9 -12.9 dBFS  TPK:  -1.4  -1.5 dBFS
[Parsed_ebur128_0 @ 0x8e8814a80] t: 38.899979  TARGET:-23 LUFS    M: -20.4 S: -17.1     I: -16.5 LUFS       LRA:   2.8 LU  FTPK: -16.0 -16.0 dBFS  TPK:  -1.4  -1.5 dBFS
[Parsed_ebur128_0 @ 0x8e8814a80] t: 38.999979  TARGET:-23 LUFS    M: -22.6 S: -17.1     I: -16.5 LUFS       LRA:   2.8 LU  FTPK: -24.2 -24.2 dBFS  TPK:  -1.4  -1.5 dBFS
[Parsed_ebur128_0 @ 0x8e8814a80] t: 39.099979  TARGET:-23 LUFS    M: -23.4 S: -17.1     I: -16.6 LUFS       LRA:   2.8 LU  FTPK: -48.1 -48.1 dBFS  TPK:  -1.4  -1.5 dBFS
[Parsed_ebur128_0 @ 0x8e8814a80] t: 39.199979  TARGET:-23 LUFS    M: -30.1 S: -17.1     I: -16.6 LUFS       LRA:   2.8 LU  FTPK: -62.7 -62.7 dBFS  TPK:  -1.4  -1.5 dBFS
[Parsed_ebur128_0 @ 0x8e8814a80] t: 39.299979  TARGET:-23 LUFS    M: -42.7 S: -17.1     I: -16.6 LUFS       LRA:   2.8 LU  FTPK: -63.2 -63.2 dBFS  TPK:  -1.4  -1.5 dBFS
[Parsed_ebur128_0 @ 0x8e8814a80] t: 39.399979  TARGET:-23 LUFS    M: -67.2 S: -17.1     I: -16.6 LUFS       LRA:   2.7 LU  FTPK: -64.4 -64.4 dBFS  TPK:  -1.4  -1.5 dBFS
[Parsed_ebur128_0 @ 0x8e8814a80] t: 39.499979  TARGET:-23 LUFS    M: -73.5 S: -17.1     I: -16.6 LUFS       LRA:   2.7 LU  FTPK: -68.4 -68.4 dBFS  TPK:  -1.4  -1.5 dBFS
[Parsed_ebur128_0 @ 0x8e8814a80] t: 39.599979  TARGET:-23 LUFS    M: -75.3 S: -17.8     I: -16.6 LUFS       LRA:   2.7 LU  FTPK: -73.5 -73.5 dBFS  TPK:  -1.4  -1.5 dBFS
[Parsed_ebur128_0 @ 0x8e8814a80] t: 39.699979  TARGET:-23 LUFS    M: -78.3 S: -17.9     I: -16.6 LUFS       LRA:   2.7 LU  FTPK: -77.7 -77.7 dBFS  TPK:  -1.4  -1.5 dBFS
[Parsed_ebur128_0 @ 0x8e8814a80] t: 39.799979  TARGET:-23 LUFS    M: -82.9 S: -18.0     I: -16.6 LUFS       LRA:   2.7 LU  FTPK:  -inf  -inf dBFS  TPK:  -1.4  -1.5 dBFS
[Parsed_ebur128_0 @ 0x8e8814a80] t: 39.899979  TARGET:-23 LUFS    M: -86.7 S: -18.8     I: -16.6 LUFS       LRA:   2.7 LU  FTPK: -80.3 -80.3 dBFS  TPK:  -1.4  -1.5 dBFS
[Parsed_ebur128_0 @ 0x8e8814a80] t: 39.999979  TARGET:-23 LUFS    M: -89.8 S: -19.3     I: -16.6 LUFS       LRA:   2.7 LU  FTPK: -79.5 -79.5 dBFS  TPK:  -1.4  -1.5 dBFS
[Parsed_ebur128_0 @ 0x8e8814a80] t: 40.099979  TARGET:-23 LUFS    M: -86.0 S: -19.5     I: -16.6 LUFS       LRA:   2.8 LU  FTPK: -70.5 -70.5 dBFS  TPK:  -1.4  -1.5 dBFS
[Parsed_ebur128_0 @ 0x8e8814a80] t: 40.199979  TARGET:-23 LUFS    M: -80.2 S: -19.8     I: -16.6 LUFS       LRA:   2.8 LU  FTPK: -68.2 -68.2 dBFS  TPK:  -1.4  -1.5 dBFS
[Parsed_ebur128_0 @ 0x8e8814a80] t: 40.299979  TARGET:-23 LUFS    M: -31.8 S: -20.4     I: -16.6 LUFS       LRA:   2.8 LU  FTPK: -13.8 -13.8 dBFS  TPK:  -1.4  -1.5 dBFS
[Parsed_ebur128_0 @ 0x8e8814a80] t: 40.399979  TARGET:-23 LUFS    M: -20.8 S: -20.3     I: -16.6 LUFS       LRA:   2.8 LU  FTPK:  -5.3  -5.3 dBFS  TPK:  -1.4  -1.5 dBFS
[Parsed_ebur128_0 @ 0x8e8814a80] t: 40.499979  TARGET:-23 LUFS    M: -17.3 S: -19.7     I: -16.6 LUFS       LRA:   2.8 LU  FTPK:  -5.6  -5.6 dBFS  TPK:  -1.4  -1.5 dBFS
[Parsed_ebur128_0 @ 0x8e8814a80] t: 40.599979  TARGET:-23 LUFS    M: -17.2 S: -19.7     I: -16.6 LUFS       LRA:   2.8 LU  FTPK: -12.7 -12.7 dBFS  TPK:  -1.4  -1.5 dBFS
[Parsed_ebur128_0 @ 0x8e8814a80] t: 40.699979  TARGET:-23 LUFS    M: -14.8 S: -19.0     I: -16.6 LUFS       LRA:   2.8 LU  FTPK:  -4.6  -4.6 dBFS  TPK:  -1.4  -1.5 dBFS
[Parsed_ebur128_0 @ 0x8e8814a80] t: 40.799979  TARGET:-23 LUFS    M: -14.2 S: -19.3     I: -16.6 LUFS       LRA:   2.8 LU  FTPK:  -4.9  -4.8 dBFS  TPK:  -1.4  -1.5 dBFS
[Parsed_ebur128_0 @ 0x8e8814a80] t: 40.899979  TARGET:-23 LUFS    M: -15.1 S: -19.3     I: -16.6 LUFS       LRA:   2.8 LU  FTPK:  -6.8  -6.8 dBFS  TPK:  -1.4  -1.5 dBFS
[Parsed_ebur128_0 @ 0x8e8814a80] t: 40.999979  TARGET:-23 LUFS    M: -15.0 S: -19.3     I: -16.6 LUFS       LRA:   2.8 LU  FTPK: -10.8 -10.8 dBFS  TPK:  -1.4  -1.5 dBFS
[Parsed_ebur128_0 @ 0x8e8814a80] t: 41.099979  TARGET:-23 LUFS    M: -17.1 S: -19.2     I: -16.6 LUFS       LRA:   2.8 LU  FTPK: -12.7 -12.7 dBFS  TPK:  -1.4  -1.5 dBFS
[Parsed_ebur128_0 @ 0x8e8814a80] t: 41.199979  TARGET:-23 LUFS    M: -19.7 S: -19.3     I: -16.6 LUFS       LRA:   2.8 LU  FTPK:  -9.3  -9.3 dBFS  TPK:  -1.4  -1.5 dBFS
[Parsed_ebur128_0 @ 0x8e8814a80] t: 41.299979  TARGET:-23 LUFS    M: -20.9 S: -20.3     I: -16.6 LUFS       LRA:   2.8 LU  FTPK: -10.3 -10.3 dBFS  TPK:  -1.4  -1.5 dBFS
[Parsed_ebur128_0 @ 0x8e8814a80] t: 41.399979  TARGET:-23 LUFS    M: -20.4 S: -20.3     I: -16.6 LUFS       LRA:   2.8 LU  FTPK:  -9.8  -9.8 dBFS  TPK:  -1.4  -1.5 dBFS
[Parsed_ebur128_0 @ 0x8e8814a80] t: 41.499979  TARGET:-23 LUFS    M: -19.5 S: -20.1     I: -16.6 LUFS       LRA:   2.9 LU  FTPK:  -9.6  -9.6 dBFS  TPK:  -1.4  -1.5 dBFS
[Parsed_ebur128_0 @ 0x8e8814a80] t: 41.599979  TARGET:-23 LUFS    M: -20.3 S: -20.2     I: -16.6 LUFS       LRA:   2.9 LU  FTPK: -15.3 -15.3 dBFS  TPK:  -1.4  -1.5 dBFS
[Parsed_ebur128_0 @ 0x8e8814a80] t: 41.699979  TARGET:-23 LUFS    M: -20.0 S: -20.2     I: -16.6 LUFS       LRA:   2.9 LU  FTPK: -13.4 -13.4 dBFS  TPK:  -1.4  -1.5 dBFS
[Parsed_ebur128_0 @ 0x8e8814a80] t: 41.799979  TARGET:-23 LUFS    M: -20.9 S: -20.4     I: -16.6 LUFS       LRA:   2.9 LU  FTPK: -21.1 -21.1 dBFS  TPK:  -1.4  -1.5 dBFS
[Parsed_ebur128_0 @ 0x8e8814a80] t: 41.899979  TARGET:-23 LUFS    M: -25.2 S: -20.4     I: -16.6 LUFS       LRA:   2.9 LU  FTPK: -36.2 -36.2 dBFS  TPK:  -1.4  -1.5 dBFS
[Parsed_ebur128_0 @ 0x8e8814a80] t: 41.999979  TARGET:-23 LUFS    M: -27.5 S: -20.4     I: -16.6 LUFS       LRA:   2.9 LU  FTPK: -57.9 -57.9 dBFS  TPK:  -1.4  -1.5 dBFS
[Parsed_ebur128_0 @ 0x8e8814a80] t: 42.099979  TARGET:-23 LUFS    M: -37.5 S: -20.4     I: -16.6 LUFS       LRA:   2.9 LU  FTPK: -63.9 -63.9 dBFS  TPK:  -1.4  -1.5 dBFS
[Parsed_ebur128_0 @ 0x8e8814a80] t: 42.199979  TARGET:-23 LUFS    M: -53.8 S: -20.4     I: -16.6 LUFS       LRA:   2.9 LU  FTPK: -65.9 -65.9 dBFS  TPK:  -1.4  -1.5 dBFS
[Parsed_ebur128_0 @ 0x8e8814a80] t: 42.299979  TARGET:-23 LUFS    M: -72.7 S: -20.4     I: -16.6 LUFS       LRA:   3.0 LU  FTPK: -70.0 -70.0 dBFS  TPK:  -1.4  -1.5 dBFS
[Parsed_ebur128_0 @ 0x8e8814a80] t: 42.399979  TARGET:-23 LUFS    M: -75.7 S: -20.4     I: -16.6 LUFS       LRA:   3.0 LU  FTPK: -79.8 -79.8 dBFS  TPK:  -1.4  -1.5 dBFS
[Parsed_ebur128_0 @ 0x8e8814a80] t: 42.499979  TARGET:-23 LUFS    M: -79.0 S: -20.4     I: -16.6 LUFS       LRA:   3.0 LU  FTPK: -80.2 -80.2 dBFS  TPK:  -1.4  -1.5 dBFS
[Parsed_ebur128_0 @ 0x8e8814a80] t: 42.599979  TARGET:-23 LUFS    M: -83.7 S: -20.4     I: -16.6 LUFS       LRA:   3.0 LU  FTPK:  -inf  -inf dBFS  TPK:  -1.4  -1.5 dBFS
[Parsed_ebur128_0 @ 0x8e8814a80] t: 42.699979  TARGET:-23 LUFS    M: -89.9 S: -20.4     I: -16.6 LUFS       LRA:   3.0 LU  FTPK:  -inf  -inf dBFS  TPK:  -1.4  -1.5 dBFS
[Parsed_ebur128_0 @ 0x8e8814a80] t: 42.799979  TARGET:-23 LUFS    M: -98.0 S: -20.4     I: -16.6 LUFS       LRA:   3.0 LU  FTPK:  -inf  -inf dBFS  TPK:  -1.4  -1.5 dBFS
[Parsed_ebur128_0 @ 0x8e8814a80] t: 42.899979  TARGET:-23 LUFS    M:   nan S: -20.4     I: -16.6 LUFS       LRA:   3.0 LU  FTPK:  -inf  -inf dBFS  TPK:  -1.4  -1.5 dBFS
[Parsed_ebur128_0 @ 0x8e8814a80] Summary:

  Integrated loudness:
    I:         -16.6 LUFS
    Threshold: -27.2 LUFS

  Loudness range:
    LRA:         3.0 LU
    Threshold: -38.1 LUFS
    LRA low:   -19.7 LUFS
    LRA high:  -16.7 LUFS

  True peak:
    Peak:       -1.4 dBFS
[out#0/null @ 0x8e8814300] video:0KiB audio:8060KiB subtitle:0KiB other streams:0KiB global headers:0KiB muxing overhead: unknown
size=N/A time=00:00:42.98 bitrate=N/A speed= 143x elapsed=0:00:00.30    
