[aist#0:0/pcm_s16le @ 0xb6ec10180] Guessed Channel Layout: stereo
Input #0, wav, from 'output/heartwoodfall-first-short/draft/narration.wav':
  Metadata:
    encoder         : Lavf62.12.101
  Duration: 00:00:44.63, bitrate: 1536 kb/s
  Stream #0:0: Audio: pcm_s16le ([1][0][0][0] / 0x0001), 48000 Hz, stereo, s16, 1536 kb/s
Stream mapping:
  Stream #0:0 -> #0:0 (pcm_s16le (native) -> pcm_s16le (native))
Press [q] to stop, [?] for help
Output #0, wav, to 'output/heartwoodfall-first-short/audio-leveled/master.wav':
  Metadata:
    ISFT            : Lavf62.12.101
  Stream #0:0: Audio: pcm_s16le ([1][0][0][0] / 0x0001), 48000 Hz, stereo, s16, 1536 kb/s
    Metadata:
      encoder         : Lavc62.28.101 pcm_s16le
[Parsed_loudnorm_0 @ 0xb6ec0d080] 
{
	"input_i" : "-27.57",
	"input_tp" : "-7.51",
	"input_lra" : "3.10",
	"input_thresh" : "-38.15",
	"output_i" : "-16.58",
	"output_tp" : "-1.50",
	"output_lra" : "2.30",
	"output_thresh" : "-27.14",
	"normalization_type" : "dynamic",
	"target_offset" : "0.58"
}
[out#0/wav @ 0xb6ec0c900] video:0KiB audio:8369KiB subtitle:0KiB other streams:0KiB global headers:0KiB muxing overhead: 0.000910%
size=    8369KiB time=00:00:44.70 bitrate=1533.7kbits/s speed=  21x elapsed=0:00:02.12    
